[    0.024852] PM: hibernation: Registered nosave memory: [mem 0xd2c4f000-0xd2c58fff]
[    0.024853] PM: hibernation: Registered nosave memory: [mem 0xdeae4000-0xdeb49fff]
[    0.024854] PM: hibernation: Registered nosave memory: [mem 0xdeb4a000-0xdeb6ffff]
[    0.024855] PM: hibernation: Registered nosave memory: [mem 0xdeb70000-0xdecfafff]
[    0.024856] PM: hibernation: Registered nosave memory: [mem 0xdecfb000-0xdeffefff]
[    0.024858] PM: hibernation: Registered nosave memory: [mem 0xdf000000-0xfebfffff]
[    0.024858] PM: hibernation: Registered nosave memory: [mem 0xfec00000-0xfec00fff]
[    0.024859] PM: hibernation: Registered nosave memory: [mem 0xfec01000-0xfecfffff]
[    0.024860] PM: hibernation: Registered nosave memory: [mem 0xfed00000-0xfed03fff]
[    0.024860] PM: hibernation: Registered nosave memory: [mem 0xfed04000-0xfed1bfff]
[    0.024861] PM: hibernation: Registered nosave memory: [mem 0xfed1c000-0xfed1ffff]
[    0.024862] PM: hibernation: Registered nosave memory: [mem 0xfed20000-0xfedfffff]
[    0.024863] PM: hibernation: Registered nosave memory: [mem 0xfee00000-0xfee00fff]
[    0.024863] PM: hibernation: Registered nosave memory: [mem 0xfee01000-0xffffffff]
[    0.024865] [mem 0xdf000000-0xfebfffff] available for PCI devices
[    0.024866] Booting paravirtualized kernel on bare hardware
[    0.024869] clocksource: refined-jiffies: mask: 0xffffffff max_cycles: 0xffffffff, max_idle_ns: 7645519600211568 ns
[    0.024877] setup_percpu: NR_CPUS:8192 nr_cpumask_bits:4 nr_cpu_ids:4 nr_node_ids:1
[    0.025214] percpu: Embedded 62 pages/cpu s217088 r8192 d28672 u524288
[    0.025221] pcpu-alloc: s217088 r8192 d28672 u524288 alloc=1*2097152
[    0.025223] pcpu-alloc: [0] 0 1 2 3 
[    0.025255] Fallback order for Node 0: 0 
[    0.025258] Built 1 zonelists, mobility grouping on.  Total pages: 2054083
[    0.025259] Policy zone: Normal
[    0.025260] Kernel command line: BOOT_IMAGE=/boot/vmlinuz-6.2.0-37-generic root=UUID=4a2ba0e8-7f51-4fe9-9608-1e900c909216 ro quiet splash vt.handoff=7
[    0.025335] Unknown kernel command line parameters "splash BOOT_IMAGE=/boot/vmlinuz-6.2.0-37-generic", will be passed to user space.
[    0.026323] Dentry cache hash table entries: 1048576 (order: 11, 8388608 bytes, linear)
[    0.026810] Inode-cache hash table entries: 524288 (order: 10, 4194304 bytes, linear)
[    0.026877] mem auto-init: stack:off, heap alloc:on, heap free:off
[    0.026885] software IO TLB: area num 4.
[    0.062928] Memory: 7782252K/8347396K available (20480K kernel code, 4153K rwdata, 12732K rodata, 4768K init, 17536K bss, 564884K reserved, 0K cma-reserved)
[    0.063058] SLUB: HWalign=64, Order=0-3, MinObjects=0, CPUs=4, Nodes=1
[    0.063069] Kernel/User page tables isolation: enabled
[    0.063102] ftrace: allocating 53440 entries in 209 pages
[    0.072690] ftrace: allocated 209 pages with 4 groups
[    0.073478] Dynamic Preempt: voluntary
[    0.073505] rcu: Preemptible hierarchical RCU implementation.
[    0.073506] rcu: 	RCU restricting CPUs from NR_CPUS=8192 to nr_cpu_ids=4.
[    0.073508] 	Trampoline variant of Tasks RCU enabled.
[    0.073508] 	Rude variant of Tasks RCU enabled.
[    0.073509] 	Tracing variant of Tasks RCU enabled.
[    0.073509] rcu: RCU calculated value of scheduler-enlistment delay is 25 jiffies.
[    0.073510] rcu: Adjusting geometry for rcu_fanout_leaf=16, nr_cpu_ids=4
[    0.076156] NR_IRQS: 524544, nr_irqs: 456, preallocated irqs: 16
[    0.076336] rcu: srcu_init: Setting srcu_struct sizes based on contention.
[    0.076398] Console: colour dummy device 80x25
[    0.076401] printk: console [tty0] enabled
[    0.076443] ACPI: Core revision 20221020
[    0.076561] clocksource: hpet: mask: 0xffffffff max_cycles: 0xffffffff, max_idle_ns: 133484882848 ns
[    0.076576] APIC: Switch to symmetric I/O mode setup
[    0.076579] DMAR: Host address width 39
[    0.076580] DMAR: DRHD base: 0x000000fed90000 flags: 0x1
[    0.076585] DMAR: dmar0: reg_base_addr fed90000 ver 1:0 cap d2008c20660462 ecap f010da
[    0.076587] DMAR: RMRR base: 0x000000deeb1000 end: 0x000000deebffff
[    0.076590] DMAR-IR: IOAPIC id 8 under DRHD base  0xfed90000 IOMMU 0
[    0.076591] DMAR-IR: HPET id 0 under DRHD base 0xfed90000
[    0.076592] DMAR-IR: x2apic is disabled because BIOS sets x2apic opt out bit.
[    0.076593] DMAR-IR: Use 'intremap=no_x2apic_optout' to override the BIOS setting.
[    0.076901] DMAR-IR: Enabled IRQ remapping in xapic mode
[    0.076902] x2apic: IRQ remapping doesn't support X2APIC mode
[    0.077317] ..TIMER: vector=0x30 apic1=0 pin1=2 apic2=-1 pin2=-1
[    0.096576] clocksource: tsc-early: mask: 0xffffffffffffffff max_cycles: 0x2b253560bd6, max_idle_ns: 440795273770 ns
[    0.096582] Calibrating delay loop (skipped), value calculated using timer frequency.. 5986.41 BogoMIPS (lpj=11972832)
[    0.096605] CPU0: Thermal monitoring enabled (TM1)
[    0.096633] process: using mwait in idle threads
[    0.096635] Last level iTLB entries: 4KB 1024, 2MB 1024, 4MB 1024
[    0.096637] Last level dTLB entries: 4KB 1024, 2MB 1024, 4MB 1024, 1GB 4
[    0.096640] Spectre V1 : Mitigation: usercopy/swapgs barriers and __user pointer sanitization
[    0.096641] Spectre V2 : Mitigation: Retpolines
[    0.096642] Spectre V2 : Spectre v2 / SpectreRSB mitigation: Filling RSB on context switch
[    0.096643] Spectre V2 : Spectre v2 / SpectreRSB : Filling RSB on VMEXIT
[    0.096644] Spectre V2 : Enabling Restricted Speculation for firmware calls
[    0.096645] Spectre V2 : mitigation: Enabling conditional Indirect Branch Prediction Barrier
[    0.096647] Speculative Store Bypass: Mitigation: Speculative Store Bypass disabled via prctl
[    0.096650] MDS: Mitigation: Clear CPU buffers
[    0.096651] MMIO Stale Data: Unknown: No mitigations
[    0.096652] SRBDS: Mitigation: Microcode
[    0.096657] x86/fpu: Supporting XSAVE feature 0x001: 'x87 floating point registers'
[    0.096658] x86/fpu: Supporting XSAVE feature 0x002: 'SSE registers'
[    0.096659] x86/fpu: Supporting XSAVE feature 0x004: 'AVX registers'
[    0.096660] x86/fpu: xstate_offset[2]:  576, xstate_sizes[2]:  256
[    0.096662] x86/fpu: Enabled xstate features 0x7, context size is 832 bytes, using 'standard' format.
[    0.116381] Freeing SMP alternatives memory: 44K
[    0.116385] pid_max: default: 32768 minimum: 301
[    0.121578] LSM: initializing lsm=lockdown,capability,landlock,yama,integrity,apparmor
[    0.121591] landlock: Up and running.
[    0.121592] Yama: becoming mindful.
[    0.121621] AppArmor: AppArmor initialized
[    0.121657] Mount-cache hash table entries: 16384 (order: 5, 131072 bytes, linear)
[    0.121667] Mountpoint-cache hash table entries: 16384 (order: 5, 131072 bytes, linear)
[    0.122115] smpboot: CPU0: Intel(R) Core(TM) i5-4590S CPU @ 3.00GHz (family: 0x6, model: 0x3c, stepping: 0x3)
[    0.122218] cblist_init_generic: Setting adjustable number of callback queues.
[    0.122219] cblist_init_generic: Setting shift to 2 and lim to 1.
[    0.122235] cblist_init_generic: Setting adjustable number of callback queues.
[    0.122235] cblist_init_generic: Setting shift to 2 and lim to 1.
[    0.122247] cblist_init_generic: Setting adjustable number of callback queues.
[    0.122247] cblist_init_generic: Setting shift to 2 and lim to 1.
[    0.122258] Performance Events: PEBS fmt2+, Haswell events, 16-deep LBR, full-width counters, Intel PMU driver.
[    0.122295] ... version:                3
[    0.122296] ... bit width:              48
[    0.122297] ... generic registers:      8
[    0.122298] ... value mask:             0000ffffffffffff
[    0.122299] ... max period:             00007fffffffffff
[    0.122300] ... fixed-purpose events:   3
[    0.122300] ... event mask:             00000007000000ff
[    0.122413] signal: max sigframe size: 1776
[    0.122427] Estimated ratio of average max frequency by base frequency (times 1024): 1126
[    0.122447] rcu: Hierarchical SRCU implementation.
[    0.122448] rcu: 	Max phase no-delay instances is 1000.
[    0.122951] NMI watchdog: Enabled. Permanently consumes one hw-PMU counter.
[    0.123001] smp: Bringing up secondary CPUs ...
[    0.123086] x86: Booting SMP configuration:
[    0.123087] .... node  #0, CPUs:      #1 #2 #3
[    0.126228] smp: Brought up 1 node, 4 CPUs
[    0.126228] smpboot: Max logical packages: 1
[    0.126228] smpboot: Total of 4 processors activated (23945.66 BogoMIPS)
[    0.128921] devtmpfs: initialized
[    0.128921] x86/mm: Memory block size: 128MB
[    0.129293] ACPI: PM: Registering ACPI NVS region [mem 0xcd86d000-0xcd873fff] (28672 bytes)
[    0.129296] ACPI: PM: Registering ACPI NVS region [mem 0xdeb70000-0xdecfafff] (1617920 bytes)
[    0.129352] clocksource: jiffies: mask: 0xffffffff max_cycles: 0xffffffff, max_idle_ns: 7645041785100000 ns
[    0.129359] futex hash table entries: 1024 (order: 4, 65536 bytes, linear)
[    0.129395] pinctrl core: initialized pinctrl subsystem
[    0.129492] PM: RTC time: 10:22:45, date: 2023-12-13
[    0.129859] NET: Registered PF_NETLINK/PF_ROUTE protocol family
[    0.129999] DMA: preallocated 1024 KiB GFP_KERNEL pool for atomic allocations
[    0.130060] DMA: preallocated 1024 KiB GFP_KERNEL|GFP_DMA pool for atomic allocations
[    0.130120] DMA: preallocated 1024 KiB GFP_KERNEL|GFP_DMA32 pool for atomic allocations
[    0.130127] audit: initializing netlink subsys (disabled)
[    0.130157] audit: type=2000 audit(1702462965.052:1): state=initialized audit_enabled=0 res=1
[    0.130252] thermal_sys: Registered thermal governor 'fair_share'
[    0.130254] thermal_sys: Registered thermal governor 'bang_bang'
[    0.130255] thermal_sys: Registered thermal governor 'step_wise'
[    0.130256] thermal_sys: Registered thermal governor 'user_space'
[    0.130257] thermal_sys: Registered thermal governor 'power_allocator'
[    0.130262] EISA bus registered
[    0.130271] cpuidle: using governor ladder
[    0.130274] cpuidle: using governor menu
[    0.130319] ACPI FADT declares the system doesn't support PCIe ASPM, so disable it
[    0.130321] acpiphp: ACPI Hot Plug PCI Controller Driver version: 0.5
[    0.130381] PCI: MMCONFIG for domain 0000 [bus 00-3f] at [mem 0xf8000000-0xfbffffff] (base 0xf8000000)
[    0.130386] PCI: not using MMCONFIG
[    0.130387] PCI: Using configuration type 1 for base access
[    0.130442] core: PMU erratum BJ122, BV98, HSD29 workaround disabled, HT off
[    0.130532] ENERGY_PERF_BIAS: Set to 'normal', was 'performance'
[    0.130538] kprobes: kprobe jump-optimization is enabled. All kprobes are optimized if possible.
[    0.132652] HugeTLB: registered 1.00 GiB page size, pre-allocated 0 pages
[    0.132652] HugeTLB: 16380 KiB vmemmap can be freed for a 1.00 GiB page
[    0.132652] HugeTLB: registered 2.00 MiB page size, pre-allocated 0 pages
[    0.132652] HugeTLB: 28 KiB vmemmap can be freed for a 2.00 MiB page
[    0.132745] ACPI: Added _OSI(Module Device)
[    0.132745] ACPI: Added _OSI(Processor Device)
[    0.132745] ACPI: Added _OSI(3.0 _SCP Extensions)
[    0.132745] ACPI: Added _OSI(Processor Aggregator Device)
[    0.151553] ACPI: 6 ACPI AML tables successfully acquired and loaded
[    0.159743] ACPI: Dynamic OEM Table Load:
[    0.159743] ACPI: SSDT 0xFFFF8ED840B29C00 0003D3 (v01 HPQOEM SLIC-CPC 00003001 INTL 20051117)
[    0.161235] ACPI: Dynamic OEM Table Load:
[    0.161241] ACPI: SSDT 0xFFFF8ED84109E800 0005AA (v01 HPQOEM SLIC-CPC 00003000 INTL 20051117)
[    0.162287] ACPI: Dynamic OEM Table Load:
[    0.162292] ACPI: SSDT 0xFFFF8ED840D47600 000119 (v01 HPQOEM SLIC-CPC 00003000 INTL 20051117)
[    0.164109] ACPI: Interpreter enabled
[    0.164141] ACPI: PM: (supports S0 S3 S4 S5)
[    0.164143] ACPI: Using IOAPIC for interrupt routing
[    0.165100] PCI: MMCONFIG for domain 0000 [bus 00-3f] at [mem 0xf8000000-0xfbffffff] (base 0xf8000000)
[    0.166075] PCI: MMCONFIG at [mem 0xf8000000-0xfbffffff] reserved as ACPI motherboard resource
[    0.166085] PCI: Using host bridge windows from ACPI; if necessary, use "pci=nocrs" and report a bug
[    0.166086] PCI: Using E820 reservations for host bridge windows
[    0.166459] ACPI: Enabled 9 GPEs in block 00 to 3F
[    0.167207] ACPI: \_SB_.PCI0.PEG0.PG00: New power resource
[    0.167530] ACPI: \_SB_.PCI0.PEG1.PG01: New power resource
[    0.167840] ACPI: \_SB_.PCI0.PEG2.PG02: New power resource
[    0.178217] ACPI: \_TZ_.FN00: New power resource
[    0.178289] ACPI: \_TZ_.FN01: New power resource
[    0.178358] ACPI: \_TZ_.FN02: New power resource
[    0.178429] ACPI: \_TZ_.FN03: New power resource
[    0.178497] ACPI: \_TZ_.FN04: New power resource
[    0.179386] ACPI: PCI Root Bridge [PCI0] (domain 0000 [bus 00-3e])
[    0.179394] acpi PNP0A08:00: _OSC: OS supports [ExtendedConfig ASPM ClockPM Segments MSI EDR HPX-Type3]
[    0.180085] acpi PNP0A08:00: _OSC: OS now controls [PCIeHotplug SHPCHotplug PME AER PCIeCapability LTR DPC]
[    0.180087] acpi PNP0A08:00: FADT indicates ASPM is unsupported, using BIOS configuration
[    0.180739] PCI host bridge to bus 0000:00
[    0.180741] pci_bus 0000:00: root bus resource [io  0x0000-0x0cf7 window]
[    0.180743] pci_bus 0000:00: root bus resource [io  0x0d00-0xffff window]
[    0.180745] pci_bus 0000:00: root bus resource [mem 0x000a0000-0x000bffff window]
[    0.180747] pci_bus 0000:00: root bus resource [mem 0x000d0000-0x000dffff window]
[    0.180748] pci_bus 0000:00: root bus resource [mem 0xe0000000-0xfeafffff window]
[    0.180750] pci_bus 0000:00: root bus resource [bus 00-3e]
[    0.180765] pci 0000:00:00.0: [8086:0c00] type 00 class 0x060000
[    0.180831] pci 0000:00:01.0: [8086:0c01] type 01 class 0x060400
[    0.180866] pci 0000:00:01.0: PME# supported from D0 D3hot D3cold
[    0.181218] pci 0000:00:14.0: [8086:8c31] type 00 class 0x0c0330
[    0.181235] pci 0000:00:14.0: reg 0x10: [mem 0xf7200000-0xf720ffff 64bit]
[    0.181292] pci 0000:00:14.0: PME# supported from D3hot D3cold
[    0.181376] pci 0000:00:16.0: [8086:8c3a] type 00 class 0x078000
[    0.181393] pci 0000:00:16.0: reg 0x10: [mem 0xf7219000-0xf721900f 64bit]
[    0.181452] pci 0000:00:16.0: PME# supported from D0 D3hot D3cold
[    0.181608] pci 0000:00:1a.0: [8086:8c2d] type 00 class 0x0c0320
[    0.181623] pci 0000:00:1a.0: reg 0x10: [mem 0xf7217000-0xf72173ff]
[    0.181702] pci 0000:00:1a.0: PME# supported from D0 D3hot D3cold
[    0.181781] pci 0000:00:1b.0: [8086:8c20] type 00 class 0x040300
[    0.181795] pci 0000:00:1b.0: reg 0x10: [mem 0xf7210000-0xf7213fff 64bit]
[    0.181856] pci 0000:00:1b.0: PME# supported from D0 D3hot D3cold
[    0.182015] pci 0000:00:1c.0: [8086:8c10] type 01 class 0x060400
[    0.182089] pci 0000:00:1c.0: PME# supported from D0 D3hot D3cold
[    0.182412] pci 0000:00:1c.3: [8086:8c16] type 01 class 0x060400
[    0.182485] pci 0000:00:1c.3: PME# supported from D0 D3hot D3cold
[    0.182804] pci 0000:00:1c.4: [8086:8c18] type 01 class 0x060400
[    0.182877] pci 0000:00:1c.4: PME# supported from D0 D3hot D3cold
[    0.183199] pci 0000:00:1d.0: [8086:8c26] type 00 class 0x0c0320
[    0.183215] pci 0000:00:1d.0: reg 0x10: [mem 0xf7216000-0xf72163ff]
[    0.183295] pci 0000:00:1d.0: PME# supported from D0 D3hot D3cold
[    0.183379] pci 0000:00:1f.0: [8086:8c5c] type 00 class 0x060100
[    0.183561] pci 0000:00:1f.2: [8086:8c02] type 00 class 0x010601
[    0.183573] pci 0000:00:1f.2: reg 0x10: [io  0xf070-0xf077]
[    0.183580] pci 0000:00:1f.2: reg 0x14: [io  0xf060-0xf063]
[    0.183587] pci 0000:00:1f.2: reg 0x18: [io  0xf050-0xf057]
[    0.183594] pci 0000:00:1f.2: reg 0x1c: [io  0xf040-0xf043]
[    0.183601] pci 0000:00:1f.2: reg 0x20: [io  0xf020-0xf03f]
[    0.183608] pci 0000:00:1f.2: reg 0x24: [mem 0xf7215000-0xf72157ff]
[    0.183642] pci 0000:00:1f.2: PME# supported from D3hot
[    0.183714] pci 0000:00:1f.3: [8086:8c22] type 00 class 0x0c0500
[    0.183729] pci 0000:00:1f.3: reg 0x10: [mem 0xf7214000-0xf72140ff 64bit]
[    0.183747] pci 0000:00:1f.3: reg 0x20: [io  0xf000-0xf01f]
[    0.183857] pci 0000:01:00.0: [10de:0fc1] type 00 class 0x030000
[    0.183869] pci 0000:01:00.0: reg 0x10: [mem 0xf6000000-0xf6ffffff]
[    0.183879] pci 0000:01:00.0: reg 0x14: [mem 0xe0000000-0xefffffff 64bit pref]
[    0.183889] pci 0000:01:00.0: reg 0x1c: [mem 0xf0000000-0xf1ffffff 64bit pref]
[    0.183896] pci 0000:01:00.0: reg 0x24: [io  0xe000-0xe07f]
[    0.183903] pci 0000:01:00.0: reg 0x30: [mem 0xf7000000-0xf707ffff pref]
[    0.183922] pci 0000:01:00.0: BAR 3: assigned to efifb
[    0.183927] pci 0000:01:00.0: Video device with shadowed ROM at [mem 0x000c0000-0x000dffff]
[    0.183987] pci 0000:01:00.0: 32.000 Gb/s available PCIe bandwidth, limited by 2.5 GT/s PCIe x16 link at 0000:00:01.0 (capable of 126.016 Gb/s with 8.0 GT/s PCIe x16 link)
[    0.184064] pci 0000:01:00.1: [10de:0e1b] type 00 class 0x040300
[    0.184076] pci 0000:01:00.1: reg 0x10: [mem 0xf7080000-0xf7083fff]
[    0.184191] pci 0000:00:01.0: ASPM: current common clock configuration is inconsistent, reconfiguring
[    0.192594] pci 0000:00:01.0: PCI bridge to [bus 01]
[    0.192597] pci 0000:00:01.0:   bridge window [io  0xe000-0xefff]
[    0.192599] pci 0000:00:01.0:   bridge window [mem 0xf6000000-0xf70fffff]
[    0.192601] pci 0000:00:01.0:   bridge window [mem 0xe0000000-0xf1ffffff 64bit pref]
[    0.192659] pci 0000:00:1c.0: PCI bridge to [bus 02]
[    0.192736] pci 0000:03:00.0: [10ec:8168] type 00 class 0x020000
[    0.192757] pci 0000:03:00.0: reg 0x10: [io  0xd000-0xd0ff]
[    0.192784] pci 0000:03:00.0: reg 0x18: [mem 0xf7100000-0xf7100fff 64bit]
[    0.192801] pci 0000:03:00.0: reg 0x20: [mem 0xf2100000-0xf2103fff 64bit pref]
[    0.192907] pci 0000:03:00.0: supports D1 D2
[    0.192908] pci 0000:03:00.0: PME# supported from D0 D1 D2 D3hot D3cold
[    0.193197] pci 0000:00:1c.3: PCI bridge to [bus 03]
[    0.193202] pci 0000:00:1c.3:   bridge window [io  0xd000-0xdfff]
[    0.193205] pci 0000:00:1c.3:   bridge window [mem 0xf7100000-0xf71fffff]
[    0.193210] pci 0000:00:1c.3:   bridge window [mem 0xf2100000-0xf21fffff 64bit pref]
[    0.193330] pci 0000:04:00.0: [1283:8893] type 01 class 0x060401
[    0.193723] pci 0000:04:00.0: supports D1 D2
[    0.193724] pci 0000:04:00.0: PME# supported from D0 D1 D2 D3hot D3cold
[    0.193954] pci 0000:00:1c.4: PCI bridge to [bus 04-05]
[    0.194013] pci_bus 0000:05: extended config space not accessible
[    0.194105] pci 0000:04:00.0: PCI bridge to [bus 05] (subtractive decode)
[    0.195000] ACPI: PCI: Interrupt link LNKA configured for IRQ 11
[    0.195058] ACPI: PCI: Interrupt link LNKB configured for IRQ 10
[    0.195115] ACPI: PCI: Interrupt link LNKC configured for IRQ 10
[    0.195171] ACPI: PCI: Interrupt link LNKD configured for IRQ 5
[    0.195227] ACPI: PCI: Interrupt link LNKE configured for IRQ 0
[    0.195229] ACPI: PCI: Interrupt link LNKE disabled
[    0.195283] ACPI: PCI: Interrupt link LNKF configured for IRQ 0
[    0.195285] ACPI: PCI: Interrupt link LNKF disabled
[    0.195340] ACPI: PCI: Interrupt link LNKG configured for IRQ 3
[    0.195398] ACPI: PCI: Interrupt link LNKH configured for IRQ 11
[    0.195819] iommu: Default domain type: Translated 
[    0.195819] iommu: DMA domain TLB invalidation policy: lazy mode 
[    0.195819] SCSI subsystem initialized
[    0.195819] libata version 3.00 loaded.
[    0.195819] ACPI: bus type USB registered
[    0.195819] usbcore: registered new interface driver usbfs
[    0.195819] usbcore: registered new interface driver hub
[    0.195819] usbcore: registered new device driver usb
[    0.195819] pps_core: LinuxPPS API ver. 1 registered
[    0.195819] pps_core: Software ver. 5.3.6 - Copyright 2005-2007 Rodolfo Giometti <giometti@linux.it>
[    0.195819] PTP clock support registered
[    0.195819] EDAC MC: Ver: 3.0.0
[    0.195819] Registered efivars operations
[    0.196745] NetLabel: Initializing
[    0.196747] NetLabel:  domain hash size = 128
[    0.196748] NetLabel:  protocols = UNLABELED CIPSOv4 CALIPSO
[    0.196763] NetLabel:  unlabeled traffic allowed by default
[    0.196775] mctp: management component transport protocol core
[    0.196775] NET: Registered PF_MCTP protocol family
[    0.196775] PCI: Using ACPI for IRQ routing
[    0.197816] PCI: pci_cache_line_size set to 64 bytes
[    0.197855] e820: reserve RAM buffer [mem 0x00058000-0x0005ffff]
[    0.197857] e820: reserve RAM buffer [mem 0x0009f000-0x0009ffff]
[    0.197858] e820: reserve RAM buffer [mem 0xcd283018-0xcfffffff]
[    0.197860] e820: reserve RAM buffer [mem 0xcd291018-0xcfffffff]
[    0.197861] e820: reserve RAM buffer [mem 0xcd86d000-0xcfffffff]
[    0.197862] e820: reserve RAM buffer [mem 0xce2a1000-0xcfffffff]
[    0.197863] e820: reserve RAM buffer [mem 0xd2c4f000-0xd3ffffff]
[    0.197864] e820: reserve RAM buffer [mem 0xdeae4000-0xdfffffff]
[    0.197865] e820: reserve RAM buffer [mem 0xdf000000-0xdfffffff]
[    0.197866] e820: reserve RAM buffer [mem 0x21f000000-0x21fffffff]
[    0.197904] pci 0000:01:00.0: vgaarb: setting as boot VGA device
[    0.197904] pci 0000:01:00.0: vgaarb: bridge control possible
[    0.197904] pci 0000:01:00.0: vgaarb: VGA device added: decodes=io+mem,owns=io+mem,locks=none
[    0.197904] vgaarb: loaded
[    0.197904] hpet0: at MMIO 0xfed00000, IRQs 2, 8, 0, 0, 0, 0, 0, 0
[    0.197904] hpet0: 8 comparators, 64-bit 14.318180 MHz counter
[    0.200614] clocksource: Switched to clocksource tsc-early
[    0.210931] VFS: Disk quotas dquot_6.6.0
[    0.210943] VFS: Dquot-cache hash table entries: 512 (order 0, 4096 bytes)
[    0.211056] AppArmor: AppArmor Filesystem Enabled
[    0.211092] pnp: PnP ACPI init
[    0.211317] system 00:00: [io  0x0800-0x087f] has been reserved
[    0.211385] system 00:02: [io  0x1854-0x1857] has been reserved
[    0.211635] system 00:03: [io  0x0a00-0x0a1f] has been reserved
[    0.211637] system 00:03: [io  0x0a20-0x0a2f] has been reserved
[    0.211639] system 00:03: [io  0x0a30-0x0a3f] has been reserved
[    0.211640] system 00:03: [io  0x0a40-0x0a7f] has been reserved
[    0.211642] system 00:03: [io  0x0a50-0x0a5f] has been reserved
[    0.211720] system 00:04: [io  0x04d0-0x04d1] has been reserved
[    0.211886] pnp 00:05: [dma 0 disabled]
[    0.212443] system 00:07: [mem 0xfed1c000-0xfed1ffff] has been reserved
[    0.212447] system 00:07: [mem 0xfed10000-0xfed17fff] has been reserved
[    0.212448] system 00:07: [mem 0xfed18000-0xfed18fff] has been reserved
[    0.212450] system 00:07: [mem 0xfed19000-0xfed19fff] has been reserved
[    0.212452] system 00:07: [mem 0xf8000000-0xfbffffff] has been reserved
[    0.212453] system 00:07: [mem 0xfed20000-0xfed3ffff] has been reserved
[    0.212455] system 00:07: [mem 0xfed90000-0xfed93fff] could not be reserved
[    0.212456] system 00:07: [mem 0xfed45000-0xfed8ffff] has been reserved
[    0.212458] system 00:07: [mem 0xff000000-0xffffffff] has been reserved
[    0.212459] system 00:07: [mem 0xfee00000-0xfeefffff] could not be reserved
[    0.212461] system 00:07: [mem 0xf7fe0000-0xf7feffff] has been reserved
[    0.212463] system 00:07: [mem 0xf7ff0000-0xf7ffffff] has been reserved
[    0.212669] pnp: PnP ACPI: found 8 devices
[    0.218215] clocksource: acpi_pm: mask: 0xffffff max_cycles: 0xffffff, max_idle_ns: 2085701024 ns
[    0.218265] NET: Registered PF_INET protocol family
[    0.218342] IP idents hash table entries: 131072 (order: 8, 1048576 bytes, linear)
[    0.219855] tcp_listen_portaddr_hash hash table entries: 4096 (order: 4, 65536 bytes, linear)
[    0.219877] Table-perturb hash table entries: 65536 (order: 6, 262144 bytes, linear)
[    0.219917] TCP established hash table entries: 65536 (order: 7, 524288 bytes, linear)
[    0.220076] TCP bind hash table entries: 65536 (order: 9, 2097152 bytes, linear)
[    0.220315] TCP: Hash tables configured (established 65536 bind 65536)
[    0.220368] MPTCP token hash table entries: 8192 (order: 5, 196608 bytes, linear)
[    0.220394] UDP hash table entries: 4096 (order: 5, 131072 bytes, linear)
[    0.220415] UDP-Lite hash table entries: 4096 (order: 5, 131072 bytes, linear)
[    0.220453] NET: Registered PF_UNIX/PF_LOCAL protocol family
[    0.220461] NET: Registered PF_XDP protocol family
[    0.220467] pci 0000:00:1c.0: bridge window [io  0x1000-0x0fff] to [bus 02] add_size 1000
[    0.220472] pci 0000:00:1c.0: bridge window [mem 0x00100000-0x000fffff 64bit pref] to [bus 02] add_size 200000 add_align 100000
[    0.220474] pci 0000:00:1c.0: bridge window [mem 0x00100000-0x000fffff] to [bus 02] add_size 200000 add_align 100000
[    0.220482] pci 0000:00:1c.0: BAR 14: assigned [mem 0xf2200000-0xf23fffff]
[    0.220486] pci 0000:00:1c.0: BAR 15: assigned [mem 0xf2400000-0xf25fffff 64bit pref]
[    0.220488] pci 0000:00:1c.0: BAR 13: assigned [io  0x2000-0x2fff]
[    0.220492] pci 0000:00:01.0: PCI bridge to [bus 01]
[    0.220494] pci 0000:00:01.0:   bridge window [io  0xe000-0xefff]
[    0.220497] pci 0000:00:01.0:   bridge window [mem 0xf6000000-0xf70fffff]
[    0.220499] pci 0000:00:01.0:   bridge window [mem 0xe0000000-0xf1ffffff 64bit pref]
[    0.220502] pci 0000:00:1c.0: PCI bridge to [bus 02]
[    0.220505] pci 0000:00:1c.0:   bridge window [io  0x2000-0x2fff]
[    0.220509] pci 0000:00:1c.0:   bridge window [mem 0xf2200000-0xf23fffff]
[    0.220512] pci 0000:00:1c.0:   bridge window [mem 0xf2400000-0xf25fffff 64bit pref]
[    0.220518] pci 0000:00:1c.3: PCI bridge to [bus 03]
[    0.220520] pci 0000:00:1c.3:   bridge window [io  0xd000-0xdfff]
[    0.220525] pci 0000:00:1c.3:   bridge window [mem 0xf7100000-0xf71fffff]
[    0.220528] pci 0000:00:1c.3:   bridge window [mem 0xf2100000-0xf21fffff 64bit pref]
[    0.220534] pci 0000:04:00.0: PCI bridge to [bus 05]
[    0.220556] pci 0000:00:1c.4: PCI bridge to [bus 04-05]
[    0.220566] pci_bus 0000:00: resource 4 [io  0x0000-0x0cf7 window]
[    0.220568] pci_bus 0000:00: resource 5 [io  0x0d00-0xffff window]
[    0.220569] pci_bus 0000:00: resource 6 [mem 0x000a0000-0x000bffff window]
[    0.220570] pci_bus 0000:00: resource 7 [mem 0x000d0000-0x000dffff window]
[    0.220572] pci_bus 0000:00: resource 8 [mem 0xe0000000-0xfeafffff window]
[    0.220573] pci_bus 0000:01: resource 0 [io  0xe000-0xefff]
[    0.220574] pci_bus 0000:01: resource 1 [mem 0xf6000000-0xf70fffff]
[    0.220576] pci_bus 0000:01: resource 2 [mem 0xe0000000-0xf1ffffff 64bit pref]
[    0.220577] pci_bus 0000:02: resource 0 [io  0x2000-0x2fff]
[    0.220578] pci_bus 0000:02: resource 1 [mem 0xf2200000-0xf23fffff]
[    0.220580] pci_bus 0000:02: resource 2 [mem 0xf2400000-0xf25fffff 64bit pref]
[    0.220581] pci_bus 0000:03: resource 0 [io  0xd000-0xdfff]
[    0.220582] pci_bus 0000:03: resource 1 [mem 0xf7100000-0xf71fffff]
[    0.220584] pci_bus 0000:03: resource 2 [mem 0xf2100000-0xf21fffff 64bit pref]
[    0.244299] pci 0000:00:1a.0: quirk_usb_early_handoff+0x0/0x190 took 22881 usecs
[    0.268298] pci 0000:00:1d.0: quirk_usb_early_handoff+0x0/0x190 took 23415 usecs
[    0.268321] pci 0000:01:00.1: extending delay after power-on from D3hot to 20 msec
[    0.268345] pci 0000:01:00.1: D0 power state depends on 0000:01:00.0
[    0.268356] PCI: CLS 64 bytes, default 64
[    0.268397] PCI-DMA: Using software bounce buffering for IO (SWIOTLB)
[    0.268398] software IO TLB: mapped [mem 0x00000000c2310000-0x00000000c6310000] (64MB)
[    0.268428] Trying to unpack rootfs image as initramfs...
[    0.276665] Initialise system trusted keyrings
[    0.276676] Key type blacklist registered
[    0.276711] workingset: timestamp_bits=36 max_order=21 bucket_order=0
[    0.276721] zbud: loaded
[    0.276869] squashfs: version 4.0 (2009/01/31) Phillip Lougher
[    0.276938] fuse: init (API version 7.38)
[    0.277054] integrity: Platform Keyring initialized
[    0.277059] integrity: Machine keyring initialized
[    0.286552] Key type asymmetric registered
[    0.286553] Asymmetric key parser 'x509' registered
[    0.286567] Block layer SCSI generic (bsg) driver version 0.4 loaded (major 243)
[    0.286601] io scheduler mq-deadline registered
[    0.286940] pcieport 0000:00:01.0: PME: Signaling with IRQ 25
[    0.287098] pcieport 0000:00:1c.0: PME: Signaling with IRQ 26
[    0.287120] pcieport 0000:00:1c.0: pciehp: Slot #0 AttnBtn- PwrCtrl- MRL- AttnInd- PwrInd- HotPlug+ Surprise+ Interlock- NoCompl+ IbPresDis- LLActRep+
[    0.287321] pcieport 0000:00:1c.3: PME: Signaling with IRQ 27
[    0.287475] pcieport 0000:00:1c.4: PME: Signaling with IRQ 28
[    0.287546] shpchp: Standard Hot Plug PCI Controller Driver version: 0.4
[    0.287841] input: Power Button as /devices/LNXSYSTM:00/LNXSYBUS:00/PNP0C0C:00/input/input0
[    0.288120] ACPI: button: Power Button [PWRB]
[    0.288149] input: Sleep Button as /devices/LNXSYSTM:00/LNXSYBUS:00/PNP0C0E:00/input/input1
[    0.288163] ACPI: button: Sleep Button [SLPB]
[    0.288186] input: Power Button as /devices/LNXSYSTM:00/LNXPWRBN:00/input/input2
[    0.288359] ACPI: button: Power Button [PWRF]
[    0.289063] thermal LNXTHERM:00: registered as thermal_zone0
[    0.289066] ACPI: thermal: Thermal Zone [TZ00] (28 C)
[    0.289304] thermal LNXTHERM:01: registered as thermal_zone1
[    0.289306] ACPI: thermal: Thermal Zone [TZ01] (30 C)
[    0.289473] Serial: 8250/16550 driver, 32 ports, IRQ sharing enabled
[    0.309909] 00:05: ttyS0 at I/O 0x3f8 (irq = 4, base_baud = 115200) is a 16550A
[    0.311969] Linux agpgart interface v0.103
[    0.315351] tpm_tis 00:06: 1.2 TPM (device-id 0xB, rev-id 16)
[    0.346450] loop: module loaded
[    0.346675] tun: Universal TUN/TAP device driver, 1.6
[    0.346716] PPP generic driver version 2.4.2
[    0.346827] i8042: PNP: No PS/2 controller found.
[    0.346899] mousedev: PS/2 mouse device common for all mice
[    0.347009] rtc_cmos 00:01: RTC can wake from S4
[    0.347072] ehci-pci 0000:00:1a.0: EHCI Host Controller
[    0.347079] ehci-pci 0000:00:1a.0: new USB bus registered, assigned bus number 1
[    0.347094] ehci-pci 0000:00:1a.0: debug port 2
[    0.348277] rtc_cmos 00:01: registered as rtc0
[    0.348323] rtc_cmos 00:01: setting system clock to 2023-12-13T10:22:45 UTC (1702462965)
[    0.348349] rtc_cmos 00:01: alarms up to one month, y3k, 242 bytes nvram, hpet irqs
[    0.348360] i2c_dev: i2c /dev entries driver
[    0.351016] ehci-pci 0000:00:1a.0: irq 16, io mem 0xf7217000
[    0.351056] device-mapper: core: CONFIG_IMA_DISABLE_HTABLE is disabled. Duplicate IMA measurements will not be recorded in the IMA log.
[    0.351065] device-mapper: uevent: version 1.0.3
[    0.351103] device-mapper: ioctl: 4.47.0-ioctl (2022-07-28) initialised: dm-devel@redhat.com
[    0.351122] platform eisa.0: Probing EISA bus 0
[    0.351125] platform eisa.0: EISA: Cannot allocate resource for mainboard
[    0.351126] platform eisa.0: Cannot allocate resource for EISA slot 1
[    0.351127] platform eisa.0: Cannot allocate resource for EISA slot 2
[    0.351128] platform eisa.0: Cannot allocate resource for EISA slot 3
[    0.351129] platform eisa.0: Cannot allocate resource for EISA slot 4
[    0.351131] platform eisa.0: Cannot allocate resource for EISA slot 5
[    0.351132] platform eisa.0: Cannot allocate resource for EISA slot 6
[    0.351133] platform eisa.0: Cannot allocate resource for EISA slot 7
[    0.351134] platform eisa.0: Cannot allocate resource for EISA slot 8
[    0.351135] platform eisa.0: EISA: Detected 0 cards
[    0.351142] intel_pstate: Intel P-state driver initializing
[    0.351527] ledtrig-cpu: registered to indicate activity on CPUs
[    0.351550] efifb: probing for efifb
[    0.351560] efifb: showing boot graphics
[    0.353329] efifb: framebuffer at 0xf1000000, using 5120k, total 5120k
[    0.353330] efifb: mode is 1280x1024x32, linelength=5120, pages=1
[    0.353332] efifb: scrolling: redraw
[    0.353332] efifb: Truecolor: size=8:8:8:8, shift=24:16:8:0
[    0.353422] fbcon: Deferring console take-over
[    0.353423] fb0: EFI VGA frame buffer device
[    0.353494] drop_monitor: Initializing network drop monitor service
[    0.364270] ehci-pci 0000:00:1a.0: USB 2.0 started, EHCI 1.00
[    0.364342] usb usb1: New USB device found, idVendor=1d6b, idProduct=0002, bcdDevice= 6.02
[    0.364344] usb usb1: New USB device strings: Mfr=3, Product=2, SerialNumber=1
[    0.364346] usb usb1: Product: EHCI Host Controller
[    0.364347] usb usb1: Manufacturer: Linux 6.2.0-37-generic ehci_hcd
[    0.364348] usb usb1: SerialNumber: 0000:00:1a.0
[    0.364452] hub 1-0:1.0: USB hub found
[    0.364459] hub 1-0:1.0: 2 ports detected
[    0.364576] NET: Registered PF_INET6 protocol family
[    0.364633] ehci-pci 0000:00:1d.0: EHCI Host Controller
[    0.364639] ehci-pci 0000:00:1d.0: new USB bus registered, assigned bus number 2
[    0.364652] ehci-pci 0000:00:1d.0: debug port 2
[    0.368596] ehci-pci 0000:00:1d.0: irq 23, io mem 0xf7216000
[    0.384245] ehci-pci 0000:00:1d.0: USB 2.0 started, EHCI 1.00
[    0.384313] usb usb2: New USB device found, idVendor=1d6b, idProduct=0002, bcdDevice= 6.02
[    0.384315] usb usb2: New USB device strings: Mfr=3, Product=2, SerialNumber=1
[    0.384316] usb usb2: Product: EHCI Host Controller
[    0.384317] usb usb2: Manufacturer: Linux 6.2.0-37-generic ehci_hcd
[    0.384319] usb usb2: SerialNumber: 0000:00:1d.0
[    0.384478] hub 2-0:1.0: USB hub found
[    0.384484] hub 2-0:1.0: 2 ports detected
[    0.571523] Freeing initrd memory: 68012K
[    0.576887] Segment Routing with IPv6
[    0.576909] In-situ OAM (IOAM) with IPv6
[    0.576934] NET: Registered PF_PACKET protocol family
[    0.576984] Key type dns_resolver registered
[    0.577522] microcode: Microcode Update Driver: v2.2.
[    0.577528] IPI shorthand broadcast: enabled
[    0.578738] sched_clock: Marking stable (577305242, 214437)->(583894571, -6374892)
[    0.578992] registered taskstats version 1
[    0.579269] Loading compiled-in X.509 certificates
[    0.579903] Loaded X.509 cert 'Build time autogenerated kernel key: 82b107d8f947716d21bc742503389c523b4ebc82'
[    0.580470] Loaded X.509 cert 'Canonical Ltd. Live Patch Signing: 14df34d1a87cf37625abec039ef2bf521249b969'
[    0.580933] Loaded X.509 cert 'Canonical Ltd. Kernel Module Signing: 88f752e560a1e0737e31163a466ad7b70a850c19'
[    0.580934] blacklist: Loading compiled-in revocation X.509 certificates
[    0.580946] Loaded X.509 cert 'Canonical Ltd. Secure Boot Signing: 61482aa2830d0ab2ad5af10b7250da9033ddcef0'
[    0.580958] Loaded X.509 cert 'Canonical Ltd. Secure Boot Signing (2017): 242ade75ac4a15e50d50c84b0d45ff3eae707a03'
[    0.580969] Loaded X.509 cert 'Canonical Ltd. Secure Boot Signing (ESM 2018): 365188c1d374d6b07c3c8f240f8ef722433d6a8b'
[    0.580979] Loaded X.509 cert 'Canonical Ltd. Secure Boot Signing (2019): c0746fd6c5da3ae827864651ad66ae47fe24b3e8'
[    0.580992] Loaded X.509 cert 'Canonical Ltd. Secure Boot Signing (2021 v1): a8d54bbb3825cfb94fa13c9f8a594a195c107b8d'
[    0.581004] Loaded X.509 cert 'Canonical Ltd. Secure Boot Signing (2021 v2): 4cf046892d6fd3c9a5b03f98d845f90851dc6a8c'
[    0.581014] Loaded X.509 cert 'Canonical Ltd. Secure Boot Signing (2021 v3): 100437bb6de6e469b581e61cd66bce3ef4ed53af'
[    0.581024] Loaded X.509 cert 'Canonical Ltd. Secure Boot Signing (Ubuntu Core 2019): c1d57b8f6b743f23ee41f4f7ee292f06eecadfb9'
[    0.581113] zswap: loaded using pool lzo/zbud
[    0.582490] Key type .fscrypt registered
[    0.582491] Key type fscrypt-provisioning registered
[    0.582686] Key type trusted registered
[    0.585230] Key type encrypted registered
[    0.585246] AppArmor: AppArmor sha1 policy hashing enabled
[    0.585616] integrity: Loading X.509 certificate: UEFI:db
[    0.585639] integrity: Loaded X.509 cert 'Hewlett-Packard Company: HP UEFI Secure Boot 2013 DB key: 1d7cf2c2b92673f69c8ee1ec7063967ab9b62bec'
[    0.585641] integrity: Loading X.509 certificate: UEFI:db
[    0.585658] integrity: Loaded X.509 cert 'Microsoft Windows Production PCA 2011: a92902398e16c49778cd90f99e4f9ae17c55af53'
[    0.585659] integrity: Loading X.509 certificate: UEFI:db
[    0.585676] integrity: Loaded X.509 cert 'Microsoft Corporation UEFI CA 2011: 13adbf4309bd82709c8cd54f316ed522988a1bd4'
[    0.586424] Loading compiled-in module X.509 certificates
[    0.586995] Loaded X.509 cert 'Build time autogenerated kernel key: 82b107d8f947716d21bc742503389c523b4ebc82'
[    0.586997] ima: Allocated hash algorithm: sha1
[    0.620258] usb 1-1: new high-speed USB device number 2 using ehci-pci
[    0.628305] ima: No architecture policies found
[    0.628329] evm: Initialising EVM extended attributes:
[    0.628330] evm: security.selinux
[    0.628331] evm: security.SMACK64
[    0.628333] evm: security.SMACK64EXEC
[    0.628333] evm: security.SMACK64TRANSMUTE
[    0.628334] evm: security.SMACK64MMAP
[    0.628335] evm: security.apparmor
[    0.628335] evm: security.ima
[    0.628336] evm: security.capability
[    0.628337] evm: HMAC attrs: 0x1
[    0.628747] PM:   Magic number: 3:895:375
[    0.629036] RAS: Correctable Errors collector initialized.
[    0.630451] Freeing unused decrypted memory: 2036K
[    0.630936] Freeing unused kernel image (initmem) memory: 4768K
[    0.640291] usb 2-1: new high-speed USB device number 2 using ehci-pci
[    0.648272] Write protecting the kernel read-only data: 34816k
[    0.648621] Freeing unused kernel image (rodata/data gap) memory: 1604K
[    0.685766] x86/mm: Checked W+X mappings: passed, no W+X pages found.
[    0.685767] x86/mm: Checking user space page tables
[    0.721363] x86/mm: Checked W+X mappings: passed, no W+X pages found.
[    0.721367] Run /init as init process
[    0.721368]   with arguments:
[    0.721369]     /init
[    0.721370]     splash
[    0.721371]   with environment:
[    0.721371]     HOME=/
[    0.721372]     TERM=linux
[    0.721372]     BOOT_IMAGE=/boot/vmlinuz-6.2.0-37-generic
[    0.776711] usb 1-1: New USB device found, idVendor=8087, idProduct=8008, bcdDevice= 0.05
[    0.776716] usb 1-1: New USB device strings: Mfr=0, Product=0, SerialNumber=0
[    0.776984] hub 1-1:1.0: USB hub found
[    0.777055] hub 1-1:1.0: 4 ports detected
[    0.808549] usb 2-1: New USB device found, idVendor=8087, idProduct=8000, bcdDevice= 0.05
[    0.808554] usb 2-1: New USB device strings: Mfr=0, Product=0, SerialNumber=0
[    0.808832] hub 2-1:1.0: USB hub found
[    0.808910] hub 2-1:1.0: 6 ports detected
[    0.816703] ACPI Warning: SystemIO range 0x0000000000001828-0x000000000000182F conflicts with OpRegion 0x0000000000001800-0x000000000000187F (\PMIO) (20221020/utaddress-204)
[    0.816710] ACPI: OSL: Resource conflict; ACPI support missing from driver?
[    0.816714] ACPI Warning: SystemIO range 0x0000000000001C40-0x0000000000001C4F conflicts with OpRegion 0x0000000000001C00-0x0000000000001FFF (\GPD) (20221020/utaddress-204)
[    0.818017] ACPI Warning: SystemIO range 0x0000000000001C40-0x0000000000001C4F conflicts with OpRegion 0x0000000000001C00-0x0000000000001FFF (\GPR) (20221020/utaddress-204)
[    0.818023] ACPI: OSL: Resource conflict; ACPI support missing from driver?
[    0.818146] i801_smbus 0000:00:1f.3: SPD Write Disable is set
[    0.818173] i801_smbus 0000:00:1f.3: SMBus using PCI interrupt
[    0.818596] ahci 0000:00:1f.2: version 3.0
[    0.818911] ACPI Warning: SystemIO range 0x0000000000001C30-0x0000000000001C3F conflicts with OpRegion 0x0000000000001C00-0x0000000000001FFF (\GPD) (20221020/utaddress-204)
[    0.818917] ACPI Warning: SystemIO range 0x0000000000001C30-0x0000000000001C3F conflicts with OpRegion 0x0000000000001C00-0x0000000000001C3F (\GPRL) (20221020/utaddress-204)
[    0.818920] ACPI Warning: SystemIO range 0x0000000000001C30-0x0000000000001C3F conflicts with OpRegion 0x0000000000001C00-0x0000000000001FFF (\GPR) (20221020/utaddress-204)
[    0.818924] ACPI: OSL: Resource conflict; ACPI support missing from driver?
[    0.818969] ACPI Warning: SystemIO range 0x0000000000001C00-0x0000000000001C2F conflicts with OpRegion 0x0000000000001C00-0x0000000000001FFF (\GPD) (20221020/utaddress-204)
[    0.818973] ACPI Warning: SystemIO range 0x0000000000001C00-0x0000000000001C2F conflicts with OpRegion 0x0000000000001C00-0x0000000000001C3F (\GPRL) (20221020/utaddress-204)
[    0.818975] ACPI Warning: SystemIO range 0x0000000000001C00-0x0000000000001C2F conflicts with OpRegion 0x0000000000001C00-0x0000000000001FFF (\GPR) (20221020/utaddress-204)
[    0.818979] ACPI: OSL: Resource conflict; ACPI support missing from driver?
[    0.818979] lpc_ich: Resource conflict(s) found affecting gpio_ich
[    0.819108] i2c i2c-0: 2/2 memory slots populated (from DMI)
[    0.819397] i2c i2c-0: Successfully instantiated SPD at 0x50
[    0.819633] r8169 0000:03:00.0: can't disable ASPM; OS doesn't have ASPM control
[    0.821545] ahci 0000:00:1f.2: AHCI 0001.0300 32 slots 4 ports 6 Gbps 0x1 impl SATA mode
[    0.821550] ahci 0000:00:1f.2: flags: 64bit ncq pm led clo pio slum part ems 
[    0.821620] xhci_hcd 0000:00:14.0: xHCI Host Controller
[    0.821627] xhci_hcd 0000:00:14.0: new USB bus registered, assigned bus number 3
[    0.821852] scsi host0: ahci
[    0.822022] scsi host1: ahci
[    0.822098] scsi host2: ahci
[    0.822176] scsi host3: ahci
[    0.822210] ata1: SATA max UDMA/133 abar m2048@0xf7215000 port 0xf7215100 irq 29
[    0.822212] ata2: DUMMY
[    0.822213] ata3: DUMMY
[    0.822214] ata4: DUMMY
[    0.822673] xhci_hcd 0000:00:14.0: hcc params 0x200077c1 hci version 0x100 quirks 0x0000000000009810
[    0.822817] xhci_hcd 0000:00:14.0: xHCI Host Controller
[    0.822820] xhci_hcd 0000:00:14.0: new USB bus registered, assigned bus number 4
[    0.822822] xhci_hcd 0000:00:14.0: Host supports USB 3.0 SuperSpeed
[    0.822855] usb usb3: New USB device found, idVendor=1d6b, idProduct=0002, bcdDevice= 6.02
[    0.822857] usb usb3: New USB device strings: Mfr=3, Product=2, SerialNumber=1
[    0.822858] usb usb3: Product: xHCI Host Controller
[    0.822859] usb usb3: Manufacturer: Linux 6.2.0-37-generic xhci-hcd
[    0.822860] usb usb3: SerialNumber: 0000:00:14.0
[    0.823096] hub 3-0:1.0: USB hub found
[    0.823109] hub 3-0:1.0: 10 ports detected
[    0.826129] usb usb4: New USB device found, idVendor=1d6b, idProduct=0003, bcdDevice= 6.02
[    0.826133] usb usb4: New USB device strings: Mfr=3, Product=2, SerialNumber=1
[    0.826134] usb usb4: Product: xHCI Host Controller
[    0.826135] usb usb4: Manufacturer: Linux 6.2.0-37-generic xhci-hcd
[    0.826136] usb usb4: SerialNumber: 0000:00:14.0
[    0.826216] hub 4-0:1.0: USB hub found
[    0.826223] hub 4-0:1.0: 2 ports detected
[    0.842388] r8169 0000:03:00.0 eth0: RTL8168g/8111g, 64:51:06:2e:43:23, XID 4c0, IRQ 31
[    0.842394] r8169 0000:03:00.0 eth0: jumbo features [frames: 9194 bytes, tx checksumming: ko]
[    1.080260] usb 3-7: new low-speed USB device number 2 using xhci_hcd
[    1.135477] ata1: SATA link up 6.0 Gbps (SStatus 133 SControl 300)
[    1.136900] ata1.00: ATA-8: ST500DM002-1BD142, HP74, max UDMA/100
[    1.136915] ata1.00: 976773168 sectors, multi 16: LBA48 NCQ (depth 32)
[    1.138687] ata1.00: configured for UDMA/100
[    1.138914] scsi 0:0:0:0: Direct-Access     ATA      ST500DM002-1BD14 HP74 PQ: 0 ANSI: 5
[    1.139570] sd 0:0:0:0: Attached scsi generic sg0 type 0
[    1.139632] sd 0:0:0:0: [sda] 976773168 512-byte logical blocks: (500 GB/466 GiB)
[    1.139636] sd 0:0:0:0: [sda] 4096-byte physical blocks
[    1.139654] sd 0:0:0:0: [sda] Write Protect is off
[    1.139656] sd 0:0:0:0: [sda] Mode Sense: 00 3a 00 00
[    1.139678] sd 0:0:0:0: [sda] Write cache: enabled, read cache: enabled, doesn't support DPO or FUA
[    1.139754] sd 0:0:0:0: [sda] Preferred minimum I/O size 4096 bytes
[    1.180455]  sda: sda1 sda2 sda3 sda4 sda5 sda6 sda7
[    1.180965] sd 0:0:0:0: [sda] Attached SCSI disk
[    1.183449] r8169 0000:03:00.0 enp3s0: renamed from eth0
[    1.240157] usb 3-7: New USB device found, idVendor=04ca, idProduct=004b, bcdDevice= 1.09
[    1.240162] usb 3-7: New USB device strings: Mfr=1, Product=2, SerialNumber=0
[    1.240164] usb 3-7: Product: USB Keyboard
[    1.240166] usb 3-7: Manufacturer: Lite-On Technology Corp.
[    1.292294] tsc: Refined TSC clocksource calibration: 2993.069 MHz
[    1.292301] clocksource: tsc: mask: 0xffffffffffffffff max_cycles: 0x2b24b1963f3, max_idle_ns: 440795227598 ns
[    1.292326] clocksource: Switched to clocksource tsc
[    1.368258] usb 3-8: new low-speed USB device number 3 using xhci_hcd
[    1.519569] usb 3-8: New USB device found, idVendor=0461, idProduct=4d0f, bcdDevice= 1.00
[    1.519573] usb 3-8: New USB device strings: Mfr=1, Product=2, SerialNumber=0
[    1.519575] usb 3-8: Product: USB Optical Mouse
[    1.519576] usb 3-8: Manufacturer: PixArt
[    1.526529] hid: raw HID events driver (C) Jiri Kosina
[    1.535092] usbcore: registered new interface driver usbhid
[    1.535095] usbhid: USB HID core driver
[    1.537028] input: Lite-On Technology Corp. USB Keyboard as /devices/pci0000:00/0000:00:14.0/usb3/3-7/3-7:1.0/0003:04CA:004B.0001/input/input3
[    1.600347] hid-generic 0003:04CA:004B.0001: input,hidraw0: USB HID v1.10 Keyboard [Lite-On Technology Corp. USB Keyboard] on usb-0000:00:14.0-7/input0
[    1.600493] input: Lite-On Technology Corp. USB Keyboard Consumer Control as /devices/pci0000:00/0000:00:14.0/usb3/3-7/3-7:1.1/0003:04CA:004B.0002/input/input4
[    1.660526] input: Lite-On Technology Corp. USB Keyboard System Control as /devices/pci0000:00/0000:00:14.0/usb3/3-7/3-7:1.1/0003:04CA:004B.0002/input/input5
[    1.660845] hid-generic 0003:04CA:004B.0002: input,hidraw1: USB HID v1.10 Device [Lite-On Technology Corp. USB Keyboard] on usb-0000:00:14.0-7/input1
[    1.661206] input: PixArt USB Optical Mouse as /devices/pci0000:00/0000:00:14.0/usb3/3-8/3-8:1.0/0003:0461:4D0F.0003/input/input6
[    1.661728] hid-generic 0003:0461:4D0F.0003: input,hidraw2: USB HID v1.11 Mouse [PixArt USB Optical Mouse] on usb-0000:00:14.0-8/input0
[    2.276234] fbcon: Taking over console
[    2.276322] Console: switching to colour frame buffer device 160x64
[    2.377236] EXT4-fs (sda7): mounted filesystem 4a2ba0e8-7f51-4fe9-9608-1e900c909216 with ordered data mode. Quota mode: none.
[    3.889263] systemd[1]: Inserted module 'autofs4'
[    4.108731] systemd[1]: systemd 249.11-0ubuntu3.11 running in system mode (+PAM +AUDIT +SELINUX +APPARMOR +IMA +SMACK +SECCOMP +GCRYPT +GNUTLS +OPENSSL +ACL +BLKID +CURL +ELFUTILS +FIDO2 +IDN2 -IDN +IPTC +KMOD +LIBCRYPTSETUP +LIBFDISK +PCRE2 -PWQUALITY -P11KIT -QRENCODE +BZIP2 +LZ4 +XZ +ZLIB +ZSTD -XKBCOMMON +UTMP +SYSVINIT default-hierarchy=unified)
[    4.109088] systemd[1]: Detected architecture x86-64.
[    4.123551] systemd[1]: Hostname set to <msis-HP-ProDesk-400-G3-SFF>.
[    6.736735] systemd[1]: Queued start job for default target Graphical Interface.
[    6.752837] systemd[1]: Created slice Slice /system/modprobe.
[    6.753242] systemd[1]: Created slice Slice /system/systemd-fsck.
[    6.753433] systemd[1]: Created slice User and Session Slice.
[    6.753513] systemd[1]: Started Forward Password Requests to Wall Directory Watch.
[    6.753675] systemd[1]: Set up automount Arbitrary Executable File Formats File System Automount Point.
[    6.753732] systemd[1]: Reached target User and Group Name Lookups.
[    6.753748] systemd[1]: Reached target Remote File Systems.
[    6.753757] systemd[1]: Reached target Slice Units.
[    6.753770] systemd[1]: Reached target Mounting snaps.
[    6.753793] systemd[1]: Reached target Local Verity Protected Volumes.
[    6.753902] systemd[1]: Listening on Syslog Socket.
[    6.753978] systemd[1]: Listening on fsck to fsckd communication Socket.
[    6.754027] systemd[1]: Listening on initctl Compatibility Named Pipe.
[    6.754185] systemd[1]: Listening on Journal Audit Socket.
[    6.754260] systemd[1]: Listening on Journal Socket (/dev/log).
[    6.754353] systemd[1]: Listening on Journal Socket.
[    6.785182] systemd[1]: Listening on udev Control Socket.
[    6.785332] systemd[1]: Listening on udev Kernel Socket.
[    6.804435] systemd[1]: Mounting Huge Pages File System...
[    6.805314] systemd[1]: Mounting POSIX Message Queue File System...
[    6.806044] systemd[1]: Mounting Kernel Debug File System...
[    6.806678] systemd[1]: Mounting Kernel Trace File System...
[    6.808909] systemd[1]: Starting Journal Service...
[    6.892509] systemd[1]: Starting Set the console keyboard layout...
[    6.893534] systemd[1]: Starting Create List of Static Device Nodes...
[    6.894364] systemd[1]: Starting Load Kernel Module configfs...
[    6.895190] systemd[1]: Starting Load Kernel Module drm...
[    6.896015] systemd[1]: Starting Load Kernel Module efi_pstore...
[    6.896809] systemd[1]: Starting Load Kernel Module fuse...
[    6.896960] systemd[1]: Condition check resulted in File System Check on Root Device being skipped.
[    6.978275] pstore: Using crash dump compression: deflate
[    6.984698] pstore: Registered efi_pstore as persistent store backend
[    7.024516] systemd[1]: Starting Load Kernel Modules...
[    7.025457] systemd[1]: Starting Remount Root and Kernel File Systems...
[    7.026182] systemd[1]: Starting Coldplug All udev Devices...
[    7.027476] systemd[1]: Started Journal Service.
[    7.114024] ACPI: bus type drm_connector registered
[    7.276032] EXT4-fs (sda7): re-mounted 4a2ba0e8-7f51-4fe9-9608-1e900c909216. Quota mode: none.
[    7.342722] systemd-journald[227]: Received client request to flush runtime journal.
[    8.265528] lp: driver loaded but no devices found
[    8.373428] ppdev: user-space parallel port driver
[    9.282728] loop0: detected capacity change from 0 to 8
[    9.341601] loop1: detected capacity change from 0 to 151352
[    9.353524] loop2: detected capacity change from 0 to 497424
[    9.358241] loop3: detected capacity change from 0 to 129976
[    9.380897] loop4: detected capacity change from 0 to 502968
[    9.388940] loop5: detected capacity change from 0 to 149720
[    9.389131] loop6: detected capacity change from 0 to 129952
[    9.434453] loop7: detected capacity change from 0 to 716168
[    9.437730] loop8: detected capacity change from 0 to 716176
[    9.438892] loop9: detected capacity change from 0 to 943224
[    9.444302] loop10: detected capacity change from 0 to 166424
[    9.600196] loop11: detected capacity change from 0 to 93920
[    9.726971] loop12: detected capacity change from 0 to 25240
[    9.741734] loop13: detected capacity change from 0 to 1017816
[    9.755522] loop14: detected capacity change from 0 to 187776
[    9.814393] loop15: detected capacity change from 0 to 109032
[    9.908952] loop16: detected capacity change from 0 to 608
[    9.934493] loop17: detected capacity change from 0 to 904
[    9.998476] loop18: detected capacity change from 0 to 130848
[   10.000335] loop19: detected capacity change from 0 to 131056
[   10.019505] loop20: detected capacity change from 0 to 83672
[   13.745963] RAPL PMU: API unit is 2^-32 Joules, 3 fixed counters, 655360 ms ovfl timer
[   13.745967] RAPL PMU: hw unit of domain pp0-core 2^-14 Joules
[   13.745968] RAPL PMU: hw unit of domain package 2^-14 Joules
[   13.745969] RAPL PMU: hw unit of domain dram 2^-14 Joules
[   13.771308] input: HP WMI hotkeys as /devices/virtual/input/input7
[   13.782676] cryptd: max_cpu_qlen set to 1000
[   14.206402] at24 0-0050: supply vcc not found, using dummy regulator
[   14.206953] at24 0-0050: 256 byte spd EEPROM, read-only
[   14.379090] AVX2 version of gcm_enc/dec engaged.
[   14.379155] AES CTR mode by8 optimization enabled
[   15.947378] spi-nor: probe of spi0.0 failed with error -22
[   17.004664] Adding 15625212k swap on /dev/sda6.  Priority:-2 extents:1 across:15625212k FS
[   17.485499] snd_hda_intel 0000:00:1b.0: enabling device (0000 -> 0002)
[   17.485812] snd_hda_intel 0000:01:00.1: Disabling MSI
[   17.485817] snd_hda_intel 0000:01:00.1: Handle vga_switcheroo audio client
[   17.487171] Console: switching to colour dummy device 80x25
[   17.487886] nouveau 0000:01:00.0: vgaarb: deactivate vga console
[   17.487946] nouveau 0000:01:00.0: NVIDIA GK107 (0e7010a2)
[   17.590123] input: HDA NVidia HDMI/DP,pcm=3 as /devices/pci0000:00/0000:00:01.0/0000:01:00.1/sound/card1/input8
[   17.590180] input: HDA NVidia HDMI/DP,pcm=7 as /devices/pci0000:00/0000:00:01.0/0000:01:00.1/sound/card1/input9
[   17.590223] input: HDA NVidia HDMI/DP,pcm=8 as /devices/pci0000:00/0000:00:01.0/0000:01:00.1/sound/card1/input10
[   17.590272] input: HDA NVidia HDMI/DP,pcm=9 as /devices/pci0000:00/0000:00:01.0/0000:01:00.1/sound/card1/input11
[   17.598310] intel_rapl_common: Found RAPL domain package
[   17.598314] intel_rapl_common: Found RAPL domain core
[   17.598316] intel_rapl_common: Found RAPL domain dram
[   17.598320] intel_rapl_common: RAPL package-0 domain package locked by BIOS
[   17.598324] intel_rapl_common: RAPL package-0 domain dram locked by BIOS
[   17.601992] nouveau 0000:01:00.0: bios: version 80.07.26.00.26
[   17.603270] nouveau 0000:01:00.0: fb: 2048 MiB DDR3
[   17.672610] nouveau 0000:01:00.0: DRM: VRAM: 2048 MiB
[   17.672614] nouveau 0000:01:00.0: DRM: GART: 1048576 MiB
[   17.672617] nouveau 0000:01:00.0: DRM: TMDS table version 2.0
[   17.672618] nouveau 0000:01:00.0: DRM: DCB version 4.0
[   17.672620] nouveau 0000:01:00.0: DRM: DCB outp 00: 02000f00 00000000
[   17.672622] nouveau 0000:01:00.0: DRM: DCB outp 01: 01011f22 00020030
[   17.672623] nouveau 0000:01:00.0: DRM: DCB outp 02: 08022f82 00020030
[   17.672625] nouveau 0000:01:00.0: DRM: DCB outp 03: 02033f62 00020010
[   17.672626] nouveau 0000:01:00.0: DRM: DCB conn 00: 00000000
[   17.672628] nouveau 0000:01:00.0: DRM: DCB conn 01: 00001131
[   17.672629] nouveau 0000:01:00.0: DRM: DCB conn 02: 00002231
[   17.672630] nouveau 0000:01:00.0: DRM: DCB conn 03: 00010361
[   17.673956] nouveau 0000:01:00.0: DRM: MM: using COPY for buffer copies
[   17.676630] snd_hda_intel 0000:01:00.1: bound 0000:01:00.0 (ops nv50_audio_component_bind_ops [nouveau])
[   17.678368] [drm] Initialized nouveau 1.3.1 20120801 for 0000:01:00.0 on minor 0
[   17.687204] snd_hda_codec_realtek hdaudioC0D0: autoconfig for ALC221: line_outs=1 (0x14/0x0/0x0/0x0/0x0) type:line
[   17.687208] snd_hda_codec_realtek hdaudioC0D0:    speaker_outs=1 (0x17/0x0/0x0/0x0/0x0)
[   17.687210] snd_hda_codec_realtek hdaudioC0D0:    hp_outs=1 (0x21/0x0/0x0/0x0/0x0)
[   17.687211] snd_hda_codec_realtek hdaudioC0D0:    mono: mono_out=0x0
[   17.687212] snd_hda_codec_realtek hdaudioC0D0:    inputs:
[   17.687213] snd_hda_codec_realtek hdaudioC0D0:      Mic=0x18
[   17.687215] snd_hda_codec_realtek hdaudioC0D0:      Line=0x1b
[   17.728396] fbcon: nouveaudrmfb (fb0) is primary device
[   17.733782] input: HDA Intel PCH Mic as /devices/pci0000:00/0000:00:1b.0/sound/card0/input12
[   17.733818] input: HDA Intel PCH Line as /devices/pci0000:00/0000:00:1b.0/sound/card0/input13
[   17.733849] input: HDA Intel PCH Line Out as /devices/pci0000:00/0000:00:1b.0/sound/card0/input14
[   17.733880] input: HDA Intel PCH Front Headphone as /devices/pci0000:00/0000:00:1b.0/sound/card0/input15
[   17.810528] Console: switching to colour frame buffer device 170x48
[   17.812258] nouveau 0000:01:00.0: [drm] fb0: nouveaudrmfb frame buffer device
[   20.909846] audit: type=1400 audit(1702462986.056:2): apparmor="STATUS" operation="profile_load" profile="unconfined" name="nvidia_modprobe" pid=540 comm="apparmor_parser"
[   20.909852] audit: type=1400 audit(1702462986.056:3): apparmor="STATUS" operation="profile_load" profile="unconfined" name="nvidia_modprobe//kmod" pid=540 comm="apparmor_parser"
[   20.945740] audit: type=1400 audit(1702462986.092:4): apparmor="STATUS" operation="profile_load" profile="unconfined" name="/usr/bin/man" pid=547 comm="apparmor_parser"
[   20.945745] audit: type=1400 audit(1702462986.092:5): apparmor="STATUS" operation="profile_load" profile="unconfined" name="man_filter" pid=547 comm="apparmor_parser"
[   20.945747] audit: type=1400 audit(1702462986.092:6): apparmor="STATUS" operation="profile_load" profile="unconfined" name="man_groff" pid=547 comm="apparmor_parser"
[   20.956385] audit: type=1400 audit(1702462986.104:7): apparmor="STATUS" operation="profile_load" profile="unconfined" name="lsb_release" pid=539 comm="apparmor_parser"
[   21.003211] audit: type=1400 audit(1702462986.148:8): apparmor="STATUS" operation="profile_load" profile="unconfined" name="libreoffice-oosplash" pid=549 comm="apparmor_parser"
[   21.050315] audit: type=1400 audit(1702462986.196:9): apparmor="STATUS" operation="profile_load" profile="unconfined" name="libreoffice-senddoc" pid=550 comm="apparmor_parser"
[   21.160698] audit: type=1400 audit(1702462986.308:10): apparmor="STATUS" operation="profile_load" profile="unconfined" name="tcpdump" pid=548 comm="apparmor_parser"
[   21.164282] audit: type=1400 audit(1702462986.308:11): apparmor="STATUS" operation="profile_load" profile="unconfined" name="libreoffice-xpdfimport" pid=552 comm="apparmor_parser"
[   31.256251] Generic FE-GE Realtek PHY r8169-0-300:00: attached PHY driver (mii_bus:phy_addr=r8169-0-300:00, irq=MAC)
[   31.456361] r8169 0000:03:00.0 enp3s0: Link is Down
[   32.465609] kauditd_printk_skb: 39 callbacks suppressed
[   32.465613] audit: type=1400 audit(1702462997.612:51): apparmor="DENIED" operation="capable" class="cap" profile="/usr/sbin/cupsd" pid=752 comm="cupsd" capability=12  capname="net_admin"
[   32.992902] loop21: detected capacity change from 0 to 8
[   33.277347] r8169 0000:03:00.0 enp3s0: Link is Up - 100Mbps/Full - flow control off
[   33.277383] IPv6: ADDRCONF(NETDEV_CHANGE): enp3s0: link becomes ready
[   42.812428] audit: type=1400 audit(1702463007.960:52): apparmor="DENIED" operation="capable" class="cap" profile="/snap/snapd/20290/usr/lib/snapd/snap-confine" pid=897 comm="snap-confine" capability=12  capname="net_admin"
[   42.812434] audit: type=1400 audit(1702463007.960:53): apparmor="DENIED" operation="capable" class="cap" profile="/snap/snapd/20290/usr/lib/snapd/snap-confine" pid=897 comm="snap-confine" capability=38  capname="perfmon"
[   51.059338] nouveau 0000:01:00.0: Direct firmware load for nouveau/nve7_fuc084 failed with error -2
[   51.059362] nouveau 0000:01:00.0: Direct firmware load for nouveau/nve7_fuc084d failed with error -2
[   51.059365] nouveau 0000:01:00.0: msvld: unable to load firmware data
[   51.059368] nouveau 0000:01:00.0: msvld: init failed, -19
[   58.170424] rfkill: input handler disabled
[   77.754425] audit: type=1400 audit(1702463042.900:54): apparmor="DENIED" operation="capable" class="cap" profile="/snap/snapd/20290/usr/lib/snapd/snap-confine" pid=1325 comm="snap-confine" capability=12  capname="net_admin"
[   77.754451] audit: type=1400 audit(1702463042.900:55): apparmor="DENIED" operation="capable" class="cap" profile="/snap/snapd/20290/usr/lib/snapd/snap-confine" pid=1325 comm="snap-confine" capability=38  capname="perfmon"
[   78.190266] rfkill: input handler enabled
[   85.892961] rfkill: input handler disabled
[   86.548931] nouveau 0000:01:00.0: Direct firmware load for nouveau/nve7_fuc084 failed with error -2
[   86.548947] nouveau 0000:01:00.0: Direct firmware load for nouveau/nve7_fuc084d failed with error -2
[   86.548949] nouveau 0000:01:00.0: msvld: unable to load firmware data
[   86.548951] nouveau 0000:01:00.0: msvld: init failed, -19
[   87.459637] audit: type=1400 audit(1702443252.624:56): apparmor="DENIED" operation="capable" class="cap" profile="/snap/snapd/20290/usr/lib/snapd/snap-confine" pid=1829 comm="snap-confine" capability=12  capname="net_admin"
[   87.459643] audit: type=1400 audit(1702443252.624:57): apparmor="DENIED" operation="capable" class="cap" profile="/snap/snapd/20290/usr/lib/snapd/snap-confine" pid=1829 comm="snap-confine" capability=38  capname="perfmon"
[   97.037596] audit: type=1107 audit(1702443262.204:58): pid=597 uid=102 auid=4294967295 ses=4294967295 subj=unconfined msg='apparmor="DENIED" operation="dbus_method_call"  bus="system" path="/org/freedesktop/PolicyKit1/Authority" interface="org.freedesktop.DBus.Properties" member="GetAll" mask="send" name=":1.11" pid=1829 label="snap.snap-store.ubuntu-software" peer_pid=607 peer_label="unconfined"
                exe="/usr/bin/dbus-daemon" sauid=102 hostname=? addr=? terminal=?'
[   97.038638] audit: type=1107 audit(1702443262.204:59): pid=597 uid=102 auid=4294967295 ses=4294967295 subj=unconfined msg='apparmor="DENIED" operation="dbus_method_call"  bus="system" path="/org/freedesktop/PolicyKit1/Authority" interface="org.freedesktop.PolicyKit1.Authority" member="CheckAuthorization" mask="send" name=":1.11" pid=1829 label="snap.snap-store.ubuntu-software" peer_pid=607 peer_label="unconfined"
                exe="/usr/bin/dbus-daemon" sauid=102 hostname=? addr=? terminal=?'
[   97.044398] audit: type=1107 audit(1702443262.212:60): pid=597 uid=102 auid=4294967295 ses=4294967295 subj=unconfined msg='apparmor="DENIED" operation="dbus_method_call"  bus="system" path="/org/freedesktop/PolicyKit1/Authority" interface="org.freedesktop.DBus.Properties" member="GetAll" mask="send" name=":1.11" pid=1829 label="snap.snap-store.ubuntu-software" peer_pid=607 peer_label="unconfined"
                exe="/usr/bin/dbus-daemon" sauid=102 hostname=? addr=? terminal=?'
[   97.045244] audit: type=1107 audit(1702443262.212:61): pid=597 uid=102 auid=4294967295 ses=4294967295 subj=unconfined msg='apparmor="DENIED" operation="dbus_method_call"  bus="system" path="/org/freedesktop/PolicyKit1/Authority" interface="org.freedesktop.PolicyKit1.Authority" member="CheckAuthorization" mask="send" name=":1.11" pid=1829 label="snap.snap-store.ubuntu-software" peer_pid=607 peer_label="unconfined"
                exe="/usr/bin/dbus-daemon" sauid=102 hostname=? addr=? terminal=?'
[   98.164835] audit: type=1400 audit(1702443263.332:62): apparmor="DENIED" operation="open" class="file" profile="snap.snap-store.ubuntu-software" name="/etc/appstream.conf" pid=1829 comm="snap-store" requested_mask="r" denied_mask="r" fsuid=1000 ouid=0
[  573.074019] hello: loading out-of-tree module taints kernel.
[  573.074055] hello: module verification failed: signature and/or required key missing - tainting kernel
[  573.074540] Hello, world
[  676.329980] usb 3-8: USB disconnect, device number 3
[  700.040371] usb 3-8: new low-speed USB device number 4 using xhci_hcd
[  700.192213] usb 3-8: New USB device found, idVendor=0461, idProduct=4d0f, bcdDevice= 1.00
[  700.192230] usb 3-8: New USB device strings: Mfr=1, Product=2, SerialNumber=0
[  700.192236] usb 3-8: Product: USB Optical Mouse
[  700.192241] usb 3-8: Manufacturer: PixArt
[  700.196648] input: PixArt USB Optical Mouse as /devices/pci0000:00/0000:00:14.0/usb3/3-8/3-8:1.0/0003:0461:4D0F.0004/input/input16
[  700.196769] hid-generic 0003:0461:4D0F.0004: input,hidraw2: USB HID v1.11 Mouse [PixArt USB Optical Mouse] on usb-0000:00:14.0-8/input0
[  747.179022] Goodbye, cruel world
[  867.408311] Hello, world
[  875.679942] Goodbye, cruel world
msis@msis-HP-ProDesk-400-G3-SFF:~/dd/ldd4-master/misc-modules$ 
msis@msis-HP-ProDesk-400-G3-SFF:~/dd/ldd4-master/misc-modules$ make
make -C /lib/modules/6.2.0-37-generic/build M=/home/msis/dd/ldd4-master/misc-modules modules
make[1]: Entering directory '/usr/src/linux-headers-6.2.0-37-generic'
warning: the compiler differs from the one used to build the kernel
  The kernel was built by: x86_64-linux-gnu-gcc-11 (Ubuntu 11.4.0-1ubuntu1~22.04) 11.4.0
  You are using:           gcc-11 (Ubuntu 11.4.0-1ubuntu1~22.04) 11.4.0
  CC [M]  /home/msis/dd/ldd4-master/misc-modules/hello.o
  MODPOST /home/msis/dd/ldd4-master/misc-modules/Module.symvers
  CC [M]  /home/msis/dd/ldd4-master/misc-modules/hello.mod.o
  LD [M]  /home/msis/dd/ldd4-master/misc-modules/hello.ko
  BTF [M] /home/msis/dd/ldd4-master/misc-modules/hello.ko
Skipping BTF generation for /home/msis/dd/ldd4-master/misc-modules/hello.ko due to unavailability of vmlinux
make[1]: Leaving directory '/usr/src/linux-headers-6.2.0-37-generic'
msis@msis-HP-ProDesk-400-G3-SFF:~/dd/ldd4-master/misc-modules$ sudo insmod hello.ko
msis@msis-HP-ProDesk-400-G3-SFF:~/dd/ldd4-master/misc-modules$ sudo dmesg
[    0.000000] microcode: microcode updated early to revision 0x28, date = 2019-11-12
[    0.000000] Linux version 6.2.0-37-generic (buildd@bos03-amd64-055) (x86_64-linux-gnu-gcc-11 (Ubuntu 11.4.0-1ubuntu1~22.04) 11.4.0, GNU ld (GNU Binutils for Ubuntu) 2.38) #38~22.04.1-Ubuntu SMP PREEMPT_DYNAMIC Thu Nov  2 18:01:13 UTC 2 (Ubuntu 6.2.0-37.38~22.04.1-generic 6.2.16)
[    0.000000] Command line: BOOT_IMAGE=/boot/vmlinuz-6.2.0-37-generic root=UUID=4a2ba0e8-7f51-4fe9-9608-1e900c909216 ro quiet splash vt.handoff=7
[    0.000000] KERNEL supported cpus:
[    0.000000]   Intel GenuineIntel
[    0.000000]   AMD AuthenticAMD
[    0.000000]   Hygon HygonGenuine
[    0.000000]   Centaur CentaurHauls
[    0.000000]   zhaoxin   Shanghai  
[    0.000000] BIOS-provided physical RAM map:
[    0.000000] BIOS-e820: [mem 0x0000000000000000-0x0000000000057fff] usable
[    0.000000] BIOS-e820: [mem 0x0000000000058000-0x0000000000058fff] reserved
[    0.000000] BIOS-e820: [mem 0x0000000000059000-0x000000000009efff] usable
[    0.000000] BIOS-e820: [mem 0x000000000009f000-0x000000000009ffff] reserved
[    0.000000] BIOS-e820: [mem 0x0000000000100000-0x00000000cd86cfff] usable
[    0.000000] BIOS-e820: [mem 0x00000000cd86d000-0x00000000cd873fff] ACPI NVS
[    0.000000] BIOS-e820: [mem 0x00000000cd874000-0x00000000ce2a0fff] usable
[    0.000000] BIOS-e820: [mem 0x00000000ce2a1000-0x00000000ce55afff] reserved
[    0.000000] BIOS-e820: [mem 0x00000000ce55b000-0x00000000deae3fff] usable
[    0.000000] BIOS-e820: [mem 0x00000000deae4000-0x00000000deb49fff] reserved
[    0.000000] BIOS-e820: [mem 0x00000000deb4a000-0x00000000deb6ffff] ACPI data
[    0.000000] BIOS-e820: [mem 0x00000000deb70000-0x00000000decfafff] ACPI NVS
[    0.000000] BIOS-e820: [mem 0x00000000decfb000-0x00000000deffefff] reserved
[    0.000000] BIOS-e820: [mem 0x00000000defff000-0x00000000deffffff] usable
[    0.000000] BIOS-e820: [mem 0x00000000f8000000-0x00000000fbffffff] reserved
[    0.000000] BIOS-e820: [mem 0x00000000fec00000-0x00000000fec00fff] reserved
[    0.000000] BIOS-e820: [mem 0x00000000fed00000-0x00000000fed03fff] reserved
[    0.000000] BIOS-e820: [mem 0x00000000fed1c000-0x00000000fed1ffff] reserved
[    0.000000] BIOS-e820: [mem 0x00000000fee00000-0x00000000fee00fff] reserved
[    0.000000] BIOS-e820: [mem 0x00000000ff000000-0x00000000ffffffff] reserved
[    0.000000] BIOS-e820: [mem 0x0000000100000000-0x000000021effffff] usable
[    0.000000] NX (Execute Disable) protection: active
[    0.000000] e820: update [mem 0xcd291018-0xcd2a0c57] usable ==> usable
[    0.000000] e820: update [mem 0xcd291018-0xcd2a0c57] usable ==> usable
[    0.000000] e820: update [mem 0xcd283018-0xcd290857] usable ==> usable
[    0.000000] e820: update [mem 0xcd283018-0xcd290857] usable ==> usable
[    0.000000] extended physical RAM map:
[    0.000000] reserve setup_data: [mem 0x0000000000000000-0x0000000000057fff] usable
[    0.000000] reserve setup_data: [mem 0x0000000000058000-0x0000000000058fff] reserved
[    0.000000] reserve setup_data: [mem 0x0000000000059000-0x000000000009efff] usable
[    0.000000] reserve setup_data: [mem 0x000000000009f000-0x000000000009ffff] reserved
[    0.000000] reserve setup_data: [mem 0x0000000000100000-0x00000000cd283017] usable
[    0.000000] reserve setup_data: [mem 0x00000000cd283018-0x00000000cd290857] usable
[    0.000000] reserve setup_data: [mem 0x00000000cd290858-0x00000000cd291017] usable
[    0.000000] reserve setup_data: [mem 0x00000000cd291018-0x00000000cd2a0c57] usable
[    0.000000] reserve setup_data: [mem 0x00000000cd2a0c58-0x00000000cd86cfff] usable
[    0.000000] reserve setup_data: [mem 0x00000000cd86d000-0x00000000cd873fff] ACPI NVS
[    0.000000] reserve setup_data: [mem 0x00000000cd874000-0x00000000ce2a0fff] usable
[    0.000000] reserve setup_data: [mem 0x00000000ce2a1000-0x00000000ce55afff] reserved
[    0.000000] reserve setup_data: [mem 0x00000000ce55b000-0x00000000deae3fff] usable
[    0.000000] reserve setup_data: [mem 0x00000000deae4000-0x00000000deb49fff] reserved
[    0.000000] reserve setup_data: [mem 0x00000000deb4a000-0x00000000deb6ffff] ACPI data
[    0.000000] reserve setup_data: [mem 0x00000000deb70000-0x00000000decfafff] ACPI NVS
[    0.000000] reserve setup_data: [mem 0x00000000decfb000-0x00000000deffefff] reserved
[    0.000000] reserve setup_data: [mem 0x00000000defff000-0x00000000deffffff] usable
[    0.000000] reserve setup_data: [mem 0x00000000f8000000-0x00000000fbffffff] reserved
[    0.000000] reserve setup_data: [mem 0x00000000fec00000-0x00000000fec00fff] reserved
[    0.000000] reserve setup_data: [mem 0x00000000fed00000-0x00000000fed03fff] reserved
[    0.000000] reserve setup_data: [mem 0x00000000fed1c000-0x00000000fed1ffff] reserved
[    0.000000] reserve setup_data: [mem 0x00000000fee00000-0x00000000fee00fff] reserved
[    0.000000] reserve setup_data: [mem 0x00000000ff000000-0x00000000ffffffff] reserved
[    0.000000] reserve setup_data: [mem 0x0000000100000000-0x000000021effffff] usable
[    0.000000] efi: EFI v2.31 by American Megatrends
[    0.000000] efi: ESRT=0xdef6b998 ACPI=0xdeb52000 ACPI 2.0=0xdeb52000 SMBIOS=0xf04c0 MOKvar=0xdeece000 RNG=0xdeb51f98 
[    0.000000] random: crng init done
[    0.000000] efi: Remove mem123: MMIO range=[0xf8000000-0xfbffffff] (64MB) from e820 map
[    0.000000] e820: remove [mem 0xf8000000-0xfbffffff] reserved
[    0.000000] efi: Not removing mem124: MMIO range=[0xfec00000-0xfec00fff] (4KB) from e820 map
[    0.000000] efi: Not removing mem125: MMIO range=[0xfed00000-0xfed03fff] (16KB) from e820 map
[    0.000000] efi: Not removing mem126: MMIO range=[0xfed1c000-0xfed1ffff] (16KB) from e820 map
[    0.000000] efi: Not removing mem127: MMIO range=[0xfee00000-0xfee00fff] (4KB) from e820 map
[    0.000000] efi: Remove mem128: MMIO range=[0xff000000-0xffffffff] (16MB) from e820 map
[    0.000000] e820: remove [mem 0xff000000-0xffffffff] reserved
[    0.000000] secureboot: Secure boot disabled
[    0.000000] SMBIOS 2.8 present.
[    0.000000] DMI: Hewlett-Packard HP 280 G1 MT/2B34, BIOS 80.02 09/29/2014
[    0.000000] tsc: Fast TSC calibration using PIT
[    0.000000] tsc: Detected 2993.208 MHz processor
[    0.000778] e820: update [mem 0x00000000-0x00000fff] usable ==> reserved
[    0.000781] e820: remove [mem 0x000a0000-0x000fffff] usable
[    0.000791] last_pfn = 0x21f000 max_arch_pfn = 0x400000000
[    0.000798] total RAM covered: 8176M
[    0.000926] Found optimal setting for mtrr clean up
[    0.000927]  gran_size: 64K 	chunk_size: 32M 	num_reg: 6  	lose cover RAM: 0G
[    0.000931] x86/PAT: Configuration [0-7]: WB  WC  UC- UC  WB  WP  UC- WT  
[    0.001373] e820: update [mem 0xe0000000-0xffffffff] usable ==> reserved
[    0.001377] last_pfn = 0xdf000 max_arch_pfn = 0x400000000
[    0.008600] found SMP MP-table at [mem 0x000fd830-0x000fd83f]
[    0.008612] esrt: Reserving ESRT space from 0x00000000def6b998 to 0x00000000def6b9d0.
[    0.008630] Using GB pages for direct mapping
[    0.009130] secureboot: Secure boot disabled
[    0.009131] RAMDISK: [mem 0xc6310000-0xca57afff]
[    0.009136] ACPI: Early table checksum verification disabled
[    0.009139] ACPI: RSDP 0x00000000DEB52000 000024 (v02 HPQOEM)
[    0.009143] ACPI: XSDT 0x00000000DEB52090 0000A4 (v01 HPQOEM SLIC-CPC 01072009 AMI  00010013)
[    0.009149] ACPI: FACP 0x00000000DEB68020 00010C (v05 HPQOEM SLIC-CPC 01072009 AMI  00010013)
[    0.009155] ACPI: DSDT 0x00000000DEB521C8 015E53 (v02 HPQOEM SLIC-CPC 00008002 INTL 20120711)
[    0.009158] ACPI: FACS 0x00000000DECFAF80 000040
[    0.009161] ACPI: APIC 0x00000000DEB68130 000072 (v03 HPQOEM SLIC-CPC 01072009 AMI  00010013)
[    0.009164] ACPI: FPDT 0x00000000DEB681A8 000044 (v01 HPQOEM SLIC-CPC 01072009 AMI  00010013)
[    0.009167] ACPI: FIDT 0x00000000DEB681F0 00009C (v01 HPQOEM SLIC-CPC 01072009 AMI  00010013)
[    0.009171] ACPI: TCPA 0x00000000DEB68290 000032 (v02 HPQOEM SLIC-CPC 00000001 MSFT 01000013)
[    0.009174] ACPI: MSDM 0x00000000DEB682C8 000055 (v03 HPQOEM SLIC-CPC 01072009 AMI  00010013)
[    0.009177] ACPI: SSDT 0x00000000DEB68320 000C7D (v01 HPQOEM SLIC-CPC 00001000 INTL 20120711)
[    0.009180] ACPI: SSDT 0x00000000DEB68FA0 000539 (v01 HPQOEM SLIC-CPC 00003000 INTL 20051117)
[    0.009183] ACPI: SSDT 0x00000000DEB694E0 000B74 (v01 HPQOEM SLIC-CPC 00003000 INTL 20051117)
[    0.009187] ACPI: MCFG 0x00000000DEB6A058 00003C (v01 HPQOEM SLIC-CPC 01072009 MSFT 00000097)
[    0.009190] ACPI: HPET 0x00000000DEB6A098 000038 (v01 HPQOEM SLIC-CPC 01072009 AMI. 00000005)
[    0.009193] ACPI: SSDT 0x00000000DEB6A0D0 00036D (v01 HPQOEM SLIC-CPC 00001000 INTL 20120711)
[    0.009196] ACPI: SSDT 0x00000000DEB6A440 005864 (v01 HPQOEM SLIC-CPC 00003000 INTL 20120711)
[    0.009200] ACPI: BGRT 0x00000000DEB6FCA8 000038 (v01 HPQOEM SLIC-CPC 01072009 AMI  00010013)
[    0.009203] ACPI: DMAR 0x00000000DEB6FCE0 000080 (v01 HPQOEM BDW      00000001 INTL 00000001)
[    0.009206] ACPI: DBGP 0x00000000DEB6FD60 000034 (v01 HPQOEM SLIC-CPC 01072009 AMI  00010013)
[    0.009209] ACPI: Reserving FACP table memory at [mem 0xdeb68020-0xdeb6812b]
[    0.009210] ACPI: Reserving DSDT table memory at [mem 0xdeb521c8-0xdeb6801a]
[    0.009211] ACPI: Reserving FACS table memory at [mem 0xdecfaf80-0xdecfafbf]
[    0.009212] ACPI: Reserving APIC table memory at [mem 0xdeb68130-0xdeb681a1]
[    0.009214] ACPI: Reserving FPDT table memory at [mem 0xdeb681a8-0xdeb681eb]
[    0.009214] ACPI: Reserving FIDT table memory at [mem 0xdeb681f0-0xdeb6828b]
[    0.009215] ACPI: Reserving TCPA table memory at [mem 0xdeb68290-0xdeb682c1]
[    0.009216] ACPI: Reserving MSDM table memory at [mem 0xdeb682c8-0xdeb6831c]
[    0.009217] ACPI: Reserving SSDT table memory at [mem 0xdeb68320-0xdeb68f9c]
[    0.009218] ACPI: Reserving SSDT table memory at [mem 0xdeb68fa0-0xdeb694d8]
[    0.009219] ACPI: Reserving SSDT table memory at [mem 0xdeb694e0-0xdeb6a053]
[    0.009220] ACPI: Reserving MCFG table memory at [mem 0xdeb6a058-0xdeb6a093]
[    0.009221] ACPI: Reserving HPET table memory at [mem 0xdeb6a098-0xdeb6a0cf]
[    0.009222] ACPI: Reserving SSDT table memory at [mem 0xdeb6a0d0-0xdeb6a43c]
[    0.009223] ACPI: Reserving SSDT table memory at [mem 0xdeb6a440-0xdeb6fca3]
[    0.009224] ACPI: Reserving BGRT table memory at [mem 0xdeb6fca8-0xdeb6fcdf]
[    0.009225] ACPI: Reserving DMAR table memory at [mem 0xdeb6fce0-0xdeb6fd5f]
[    0.009226] ACPI: Reserving DBGP table memory at [mem 0xdeb6fd60-0xdeb6fd93]
[    0.009328] No NUMA configuration found
[    0.009329] Faking a node at [mem 0x0000000000000000-0x000000021effffff]
[    0.009339] NODE_DATA(0) allocated [mem 0x21efd5000-0x21effffff]
[    0.009513] Zone ranges:
[    0.009514]   DMA      [mem 0x0000000000001000-0x0000000000ffffff]
[    0.009516]   DMA32    [mem 0x0000000001000000-0x00000000ffffffff]
[    0.009518]   Normal   [mem 0x0000000100000000-0x000000021effffff]
[    0.009519]   Device   empty
[    0.009520] Movable zone start for each node
[    0.009523] Early memory node ranges
[    0.009523]   node   0: [mem 0x0000000000001000-0x0000000000057fff]
[    0.009525]   node   0: [mem 0x0000000000059000-0x000000000009efff]
[    0.009526]   node   0: [mem 0x0000000000100000-0x00000000cd86cfff]
[    0.009527]   node   0: [mem 0x00000000cd874000-0x00000000ce2a0fff]
[    0.009528]   node   0: [mem 0x00000000ce55b000-0x00000000deae3fff]
[    0.009529]   node   0: [mem 0x00000000defff000-0x00000000deffffff]
[    0.009529]   node   0: [mem 0x0000000100000000-0x000000021effffff]
[    0.009531] Initmem setup node 0 [mem 0x0000000000001000-0x000000021effffff]
[    0.009536] On node 0, zone DMA: 1 pages in unavailable ranges
[    0.009538] On node 0, zone DMA: 1 pages in unavailable ranges
[    0.009558] On node 0, zone DMA: 97 pages in unavailable ranges
[    0.015538] On node 0, zone DMA32: 7 pages in unavailable ranges
[    0.016024] On node 0, zone DMA32: 698 pages in unavailable ranges
[    0.016036] On node 0, zone DMA32: 1307 pages in unavailable ranges
[    0.024634] On node 0, zone Normal: 4096 pages in unavailable ranges
[    0.024674] On node 0, zone Normal: 4096 pages in unavailable ranges
[    0.024758] ACPI: PM-Timer IO Port: 0x1808
[    0.024767] ACPI: LAPIC_NMI (acpi_id[0xff] high edge lint[0x1])
[    0.024777] IOAPIC[0]: apic_id 8, version 32, address 0xfec00000, GSI 0-23
[    0.024780] ACPI: INT_SRC_OVR (bus 0 bus_irq 0 global_irq 2 dfl dfl)
[    0.024782] ACPI: INT_SRC_OVR (bus 0 bus_irq 9 global_irq 9 high level)
[    0.024786] ACPI: Using ACPI (MADT) for SMP configuration information
[    0.024787] ACPI: HPET id: 0x8086a701 base: 0xfed00000
[    0.024797] e820: update [mem 0xd2c4f000-0xd2c58fff] usable ==> reserved
[    0.024812] TSC deadline timer available
[    0.024813] smpboot: Allowing 4 CPUs, 0 hotplug CPUs
[    0.024835] PM: hibernation: Registered nosave memory: [mem 0x00000000-0x00000fff]
[    0.024837] PM: hibernation: Registered nosave memory: [mem 0x00058000-0x00058fff]
[    0.024839] PM: hibernation: Registered nosave memory: [mem 0x0009f000-0x0009ffff]
[    0.024840] PM: hibernation: Registered nosave memory: [mem 0x000a0000-0x000fffff]
[    0.024842] PM: hibernation: Registered nosave memory: [mem 0xcd283000-0xcd283fff]
[    0.024844] PM: hibernation: Registered nosave memory: [mem 0xcd290000-0xcd290fff]
[    0.024844] PM: hibernation: Registered nosave memory: [mem 0xcd291000-0xcd291fff]
[    0.024846] PM: hibernation: Registered nosave memory: [mem 0xcd2a0000-0xcd2a0fff]
[    0.024848] PM: hibernation: Registered nosave memory: [mem 0xcd86d000-0xcd873fff]
[    0.024850] PM: hibernation: Registered nosave memory: [mem 0xce2a1000-0xce55afff]
[    0.024852] PM: hibernation: Registered nosave memory: [mem 0xd2c4f000-0xd2c58fff]
[    0.024853] PM: hibernation: Registered nosave memory: [mem 0xdeae4000-0xdeb49fff]
[    0.024854] PM: hibernation: Registered nosave memory: [mem 0xdeb4a000-0xdeb6ffff]
[    0.024855] PM: hibernation: Registered nosave memory: [mem 0xdeb70000-0xdecfafff]
[    0.024856] PM: hibernation: Registered nosave memory: [mem 0xdecfb000-0xdeffefff]
[    0.024858] PM: hibernation: Registered nosave memory: [mem 0xdf000000-0xfebfffff]
[    0.024858] PM: hibernation: Registered nosave memory: [mem 0xfec00000-0xfec00fff]
[    0.024859] PM: hibernation: Registered nosave memory: [mem 0xfec01000-0xfecfffff]
[    0.024860] PM: hibernation: Registered nosave memory: [mem 0xfed00000-0xfed03fff]
[    0.024860] PM: hibernation: Registered nosave memory: [mem 0xfed04000-0xfed1bfff]
[    0.024861] PM: hibernation: Registered nosave memory: [mem 0xfed1c000-0xfed1ffff]
[    0.024862] PM: hibernation: Registered nosave memory: [mem 0xfed20000-0xfedfffff]
[    0.024863] PM: hibernation: Registered nosave memory: [mem 0xfee00000-0xfee00fff]
[    0.024863] PM: hibernation: Registered nosave memory: [mem 0xfee01000-0xffffffff]
[    0.024865] [mem 0xdf000000-0xfebfffff] available for PCI devices
[    0.024866] Booting paravirtualized kernel on bare hardware
[    0.024869] clocksource: refined-jiffies: mask: 0xffffffff max_cycles: 0xffffffff, max_idle_ns: 7645519600211568 ns
[    0.024877] setup_percpu: NR_CPUS:8192 nr_cpumask_bits:4 nr_cpu_ids:4 nr_node_ids:1
[    0.025214] percpu: Embedded 62 pages/cpu s217088 r8192 d28672 u524288
[    0.025221] pcpu-alloc: s217088 r8192 d28672 u524288 alloc=1*2097152
[    0.025223] pcpu-alloc: [0] 0 1 2 3 
[    0.025255] Fallback order for Node 0: 0 
[    0.025258] Built 1 zonelists, mobility grouping on.  Total pages: 2054083
[    0.025259] Policy zone: Normal
[    0.025260] Kernel command line: BOOT_IMAGE=/boot/vmlinuz-6.2.0-37-generic root=UUID=4a2ba0e8-7f51-4fe9-9608-1e900c909216 ro quiet splash vt.handoff=7
[    0.025335] Unknown kernel command line parameters "splash BOOT_IMAGE=/boot/vmlinuz-6.2.0-37-generic", will be passed to user space.
[    0.026323] Dentry cache hash table entries: 1048576 (order: 11, 8388608 bytes, linear)
[    0.026810] Inode-cache hash table entries: 524288 (order: 10, 4194304 bytes, linear)
[    0.026877] mem auto-init: stack:off, heap alloc:on, heap free:off
[    0.026885] software IO TLB: area num 4.
[    0.062928] Memory: 7782252K/8347396K available (20480K kernel code, 4153K rwdata, 12732K rodata, 4768K init, 17536K bss, 564884K reserved, 0K cma-reserved)
[    0.063058] SLUB: HWalign=64, Order=0-3, MinObjects=0, CPUs=4, Nodes=1
[    0.063069] Kernel/User page tables isolation: enabled
[    0.063102] ftrace: allocating 53440 entries in 209 pages
[    0.072690] ftrace: allocated 209 pages with 4 groups
[    0.073478] Dynamic Preempt: voluntary
[    0.073505] rcu: Preemptible hierarchical RCU implementation.
[    0.073506] rcu: 	RCU restricting CPUs from NR_CPUS=8192 to nr_cpu_ids=4.
[    0.073508] 	Trampoline variant of Tasks RCU enabled.
[    0.073508] 	Rude variant of Tasks RCU enabled.
[    0.073509] 	Tracing variant of Tasks RCU enabled.
[    0.073509] rcu: RCU calculated value of scheduler-enlistment delay is 25 jiffies.
[    0.073510] rcu: Adjusting geometry for rcu_fanout_leaf=16, nr_cpu_ids=4
[    0.076156] NR_IRQS: 524544, nr_irqs: 456, preallocated irqs: 16
[    0.076336] rcu: srcu_init: Setting srcu_struct sizes based on contention.
[    0.076398] Console: colour dummy device 80x25
[    0.076401] printk: console [tty0] enabled
[    0.076443] ACPI: Core revision 20221020
[    0.076561] clocksource: hpet: mask: 0xffffffff max_cycles: 0xffffffff, max_idle_ns: 133484882848 ns
[    0.076576] APIC: Switch to symmetric I/O mode setup
[    0.076579] DMAR: Host address width 39
[    0.076580] DMAR: DRHD base: 0x000000fed90000 flags: 0x1
[    0.076585] DMAR: dmar0: reg_base_addr fed90000 ver 1:0 cap d2008c20660462 ecap f010da
[    0.076587] DMAR: RMRR base: 0x000000deeb1000 end: 0x000000deebffff
[    0.076590] DMAR-IR: IOAPIC id 8 under DRHD base  0xfed90000 IOMMU 0
[    0.076591] DMAR-IR: HPET id 0 under DRHD base 0xfed90000
[    0.076592] DMAR-IR: x2apic is disabled because BIOS sets x2apic opt out bit.
[    0.076593] DMAR-IR: Use 'intremap=no_x2apic_optout' to override the BIOS setting.
[    0.076901] DMAR-IR: Enabled IRQ remapping in xapic mode
[    0.076902] x2apic: IRQ remapping doesn't support X2APIC mode
[    0.077317] ..TIMER: vector=0x30 apic1=0 pin1=2 apic2=-1 pin2=-1
[    0.096576] clocksource: tsc-early: mask: 0xffffffffffffffff max_cycles: 0x2b253560bd6, max_idle_ns: 440795273770 ns
[    0.096582] Calibrating delay loop (skipped), value calculated using timer frequency.. 5986.41 BogoMIPS (lpj=11972832)
[    0.096605] CPU0: Thermal monitoring enabled (TM1)
[    0.096633] process: using mwait in idle threads
[    0.096635] Last level iTLB entries: 4KB 1024, 2MB 1024, 4MB 1024
[    0.096637] Last level dTLB entries: 4KB 1024, 2MB 1024, 4MB 1024, 1GB 4
[    0.096640] Spectre V1 : Mitigation: usercopy/swapgs barriers and __user pointer sanitization
[    0.096641] Spectre V2 : Mitigation: Retpolines
[    0.096642] Spectre V2 : Spectre v2 / SpectreRSB mitigation: Filling RSB on context switch
[    0.096643] Spectre V2 : Spectre v2 / SpectreRSB : Filling RSB on VMEXIT
[    0.096644] Spectre V2 : Enabling Restricted Speculation for firmware calls
[    0.096645] Spectre V2 : mitigation: Enabling conditional Indirect Branch Prediction Barrier
[    0.096647] Speculative Store Bypass: Mitigation: Speculative Store Bypass disabled via prctl
[    0.096650] MDS: Mitigation: Clear CPU buffers
[    0.096651] MMIO Stale Data: Unknown: No mitigations
[    0.096652] SRBDS: Mitigation: Microcode
[    0.096657] x86/fpu: Supporting XSAVE feature 0x001: 'x87 floating point registers'
[    0.096658] x86/fpu: Supporting XSAVE feature 0x002: 'SSE registers'
[    0.096659] x86/fpu: Supporting XSAVE feature 0x004: 'AVX registers'
[    0.096660] x86/fpu: xstate_offset[2]:  576, xstate_sizes[2]:  256
[    0.096662] x86/fpu: Enabled xstate features 0x7, context size is 832 bytes, using 'standard' format.
[    0.116381] Freeing SMP alternatives memory: 44K
[    0.116385] pid_max: default: 32768 minimum: 301
[    0.121578] LSM: initializing lsm=lockdown,capability,landlock,yama,integrity,apparmor
[    0.121591] landlock: Up and running.
[    0.121592] Yama: becoming mindful.
[    0.121621] AppArmor: AppArmor initialized
[    0.121657] Mount-cache hash table entries: 16384 (order: 5, 131072 bytes, linear)
[    0.121667] Mountpoint-cache hash table entries: 16384 (order: 5, 131072 bytes, linear)
[    0.122115] smpboot: CPU0: Intel(R) Core(TM) i5-4590S CPU @ 3.00GHz (family: 0x6, model: 0x3c, stepping: 0x3)
[    0.122218] cblist_init_generic: Setting adjustable number of callback queues.
[    0.122219] cblist_init_generic: Setting shift to 2 and lim to 1.
[    0.122235] cblist_init_generic: Setting adjustable number of callback queues.
[    0.122235] cblist_init_generic: Setting shift to 2 and lim to 1.
[    0.122247] cblist_init_generic: Setting adjustable number of callback queues.
[    0.122247] cblist_init_generic: Setting shift to 2 and lim to 1.
[    0.122258] Performance Events: PEBS fmt2+, Haswell events, 16-deep LBR, full-width counters, Intel PMU driver.
[    0.122295] ... version:                3
[    0.122296] ... bit width:              48
[    0.122297] ... generic registers:      8
[    0.122298] ... value mask:             0000ffffffffffff
[    0.122299] ... max period:             00007fffffffffff
[    0.122300] ... fixed-purpose events:   3
[    0.122300] ... event mask:             00000007000000ff
[    0.122413] signal: max sigframe size: 1776
[    0.122427] Estimated ratio of average max frequency by base frequency (times 1024): 1126
[    0.122447] rcu: Hierarchical SRCU implementation.
[    0.122448] rcu: 	Max phase no-delay instances is 1000.
[    0.122951] NMI watchdog: Enabled. Permanently consumes one hw-PMU counter.
[    0.123001] smp: Bringing up secondary CPUs ...
[    0.123086] x86: Booting SMP configuration:
[    0.123087] .... node  #0, CPUs:      #1 #2 #3
[    0.126228] smp: Brought up 1 node, 4 CPUs
[    0.126228] smpboot: Max logical packages: 1
[    0.126228] smpboot: Total of 4 processors activated (23945.66 BogoMIPS)
[    0.128921] devtmpfs: initialized
[    0.128921] x86/mm: Memory block size: 128MB
[    0.129293] ACPI: PM: Registering ACPI NVS region [mem 0xcd86d000-0xcd873fff] (28672 bytes)
[    0.129296] ACPI: PM: Registering ACPI NVS region [mem 0xdeb70000-0xdecfafff] (1617920 bytes)
[    0.129352] clocksource: jiffies: mask: 0xffffffff max_cycles: 0xffffffff, max_idle_ns: 7645041785100000 ns
[    0.129359] futex hash table entries: 1024 (order: 4, 65536 bytes, linear)
[    0.129395] pinctrl core: initialized pinctrl subsystem
[    0.129492] PM: RTC time: 10:22:45, date: 2023-12-13
[    0.129859] NET: Registered PF_NETLINK/PF_ROUTE protocol family
[    0.129999] DMA: preallocated 1024 KiB GFP_KERNEL pool for atomic allocations
[    0.130060] DMA: preallocated 1024 KiB GFP_KERNEL|GFP_DMA pool for atomic allocations
[    0.130120] DMA: preallocated 1024 KiB GFP_KERNEL|GFP_DMA32 pool for atomic allocations
[    0.130127] audit: initializing netlink subsys (disabled)
[    0.130157] audit: type=2000 audit(1702462965.052:1): state=initialized audit_enabled=0 res=1
[    0.130252] thermal_sys: Registered thermal governor 'fair_share'
[    0.130254] thermal_sys: Registered thermal governor 'bang_bang'
[    0.130255] thermal_sys: Registered thermal governor 'step_wise'
[    0.130256] thermal_sys: Registered thermal governor 'user_space'
[    0.130257] thermal_sys: Registered thermal governor 'power_allocator'
[    0.130262] EISA bus registered
[    0.130271] cpuidle: using governor ladder
[    0.130274] cpuidle: using governor menu
[    0.130319] ACPI FADT declares the system doesn't support PCIe ASPM, so disable it
[    0.130321] acpiphp: ACPI Hot Plug PCI Controller Driver version: 0.5
[    0.130381] PCI: MMCONFIG for domain 0000 [bus 00-3f] at [mem 0xf8000000-0xfbffffff] (base 0xf8000000)
[    0.130386] PCI: not using MMCONFIG
[    0.130387] PCI: Using configuration type 1 for base access
[    0.130442] core: PMU erratum BJ122, BV98, HSD29 workaround disabled, HT off
[    0.130532] ENERGY_PERF_BIAS: Set to 'normal', was 'performance'
[    0.130538] kprobes: kprobe jump-optimization is enabled. All kprobes are optimized if possible.
[    0.132652] HugeTLB: registered 1.00 GiB page size, pre-allocated 0 pages
[    0.132652] HugeTLB: 16380 KiB vmemmap can be freed for a 1.00 GiB page
[    0.132652] HugeTLB: registered 2.00 MiB page size, pre-allocated 0 pages
[    0.132652] HugeTLB: 28 KiB vmemmap can be freed for a 2.00 MiB page
[    0.132745] ACPI: Added _OSI(Module Device)
[    0.132745] ACPI: Added _OSI(Processor Device)
[    0.132745] ACPI: Added _OSI(3.0 _SCP Extensions)
[    0.132745] ACPI: Added _OSI(Processor Aggregator Device)
[    0.151553] ACPI: 6 ACPI AML tables successfully acquired and loaded
[    0.159743] ACPI: Dynamic OEM Table Load:
[    0.159743] ACPI: SSDT 0xFFFF8ED840B29C00 0003D3 (v01 HPQOEM SLIC-CPC 00003001 INTL 20051117)
[    0.161235] ACPI: Dynamic OEM Table Load:
[    0.161241] ACPI: SSDT 0xFFFF8ED84109E800 0005AA (v01 HPQOEM SLIC-CPC 00003000 INTL 20051117)
[    0.162287] ACPI: Dynamic OEM Table Load:
[    0.162292] ACPI: SSDT 0xFFFF8ED840D47600 000119 (v01 HPQOEM SLIC-CPC 00003000 INTL 20051117)
[    0.164109] ACPI: Interpreter enabled
[    0.164141] ACPI: PM: (supports S0 S3 S4 S5)
[    0.164143] ACPI: Using IOAPIC for interrupt routing
[    0.165100] PCI: MMCONFIG for domain 0000 [bus 00-3f] at [mem 0xf8000000-0xfbffffff] (base 0xf8000000)
[    0.166075] PCI: MMCONFIG at [mem 0xf8000000-0xfbffffff] reserved as ACPI motherboard resource
[    0.166085] PCI: Using host bridge windows from ACPI; if necessary, use "pci=nocrs" and report a bug
[    0.166086] PCI: Using E820 reservations for host bridge windows
[    0.166459] ACPI: Enabled 9 GPEs in block 00 to 3F
[    0.167207] ACPI: \_SB_.PCI0.PEG0.PG00: New power resource
[    0.167530] ACPI: \_SB_.PCI0.PEG1.PG01: New power resource
[    0.167840] ACPI: \_SB_.PCI0.PEG2.PG02: New power resource
[    0.178217] ACPI: \_TZ_.FN00: New power resource
[    0.178289] ACPI: \_TZ_.FN01: New power resource
[    0.178358] ACPI: \_TZ_.FN02: New power resource
[    0.178429] ACPI: \_TZ_.FN03: New power resource
[    0.178497] ACPI: \_TZ_.FN04: New power resource
[    0.179386] ACPI: PCI Root Bridge [PCI0] (domain 0000 [bus 00-3e])
[    0.179394] acpi PNP0A08:00: _OSC: OS supports [ExtendedConfig ASPM ClockPM Segments MSI EDR HPX-Type3]
[    0.180085] acpi PNP0A08:00: _OSC: OS now controls [PCIeHotplug SHPCHotplug PME AER PCIeCapability LTR DPC]
[    0.180087] acpi PNP0A08:00: FADT indicates ASPM is unsupported, using BIOS configuration
[    0.180739] PCI host bridge to bus 0000:00
[    0.180741] pci_bus 0000:00: root bus resource [io  0x0000-0x0cf7 window]
[    0.180743] pci_bus 0000:00: root bus resource [io  0x0d00-0xffff window]
[    0.180745] pci_bus 0000:00: root bus resource [mem 0x000a0000-0x000bffff window]
[    0.180747] pci_bus 0000:00: root bus resource [mem 0x000d0000-0x000dffff window]
[    0.180748] pci_bus 0000:00: root bus resource [mem 0xe0000000-0xfeafffff window]
[    0.180750] pci_bus 0000:00: root bus resource [bus 00-3e]
[    0.180765] pci 0000:00:00.0: [8086:0c00] type 00 class 0x060000
[    0.180831] pci 0000:00:01.0: [8086:0c01] type 01 class 0x060400
[    0.180866] pci 0000:00:01.0: PME# supported from D0 D3hot D3cold
[    0.181218] pci 0000:00:14.0: [8086:8c31] type 00 class 0x0c0330
[    0.181235] pci 0000:00:14.0: reg 0x10: [mem 0xf7200000-0xf720ffff 64bit]
[    0.181292] pci 0000:00:14.0: PME# supported from D3hot D3cold
[    0.181376] pci 0000:00:16.0: [8086:8c3a] type 00 class 0x078000
[    0.181393] pci 0000:00:16.0: reg 0x10: [mem 0xf7219000-0xf721900f 64bit]
[    0.181452] pci 0000:00:16.0: PME# supported from D0 D3hot D3cold
[    0.181608] pci 0000:00:1a.0: [8086:8c2d] type 00 class 0x0c0320
[    0.181623] pci 0000:00:1a.0: reg 0x10: [mem 0xf7217000-0xf72173ff]
[    0.181702] pci 0000:00:1a.0: PME# supported from D0 D3hot D3cold
[    0.181781] pci 0000:00:1b.0: [8086:8c20] type 00 class 0x040300
[    0.181795] pci 0000:00:1b.0: reg 0x10: [mem 0xf7210000-0xf7213fff 64bit]
[    0.181856] pci 0000:00:1b.0: PME# supported from D0 D3hot D3cold
[    0.182015] pci 0000:00:1c.0: [8086:8c10] type 01 class 0x060400
[    0.182089] pci 0000:00:1c.0: PME# supported from D0 D3hot D3cold
[    0.182412] pci 0000:00:1c.3: [8086:8c16] type 01 class 0x060400
[    0.182485] pci 0000:00:1c.3: PME# supported from D0 D3hot D3cold
[    0.182804] pci 0000:00:1c.4: [8086:8c18] type 01 class 0x060400
[    0.182877] pci 0000:00:1c.4: PME# supported from D0 D3hot D3cold
[    0.183199] pci 0000:00:1d.0: [8086:8c26] type 00 class 0x0c0320
[    0.183215] pci 0000:00:1d.0: reg 0x10: [mem 0xf7216000-0xf72163ff]
[    0.183295] pci 0000:00:1d.0: PME# supported from D0 D3hot D3cold
[    0.183379] pci 0000:00:1f.0: [8086:8c5c] type 00 class 0x060100
[    0.183561] pci 0000:00:1f.2: [8086:8c02] type 00 class 0x010601
[    0.183573] pci 0000:00:1f.2: reg 0x10: [io  0xf070-0xf077]
[    0.183580] pci 0000:00:1f.2: reg 0x14: [io  0xf060-0xf063]
[    0.183587] pci 0000:00:1f.2: reg 0x18: [io  0xf050-0xf057]
[    0.183594] pci 0000:00:1f.2: reg 0x1c: [io  0xf040-0xf043]
[    0.183601] pci 0000:00:1f.2: reg 0x20: [io  0xf020-0xf03f]
[    0.183608] pci 0000:00:1f.2: reg 0x24: [mem 0xf7215000-0xf72157ff]
[    0.183642] pci 0000:00:1f.2: PME# supported from D3hot
[    0.183714] pci 0000:00:1f.3: [8086:8c22] type 00 class 0x0c0500
[    0.183729] pci 0000:00:1f.3: reg 0x10: [mem 0xf7214000-0xf72140ff 64bit]
[    0.183747] pci 0000:00:1f.3: reg 0x20: [io  0xf000-0xf01f]
[    0.183857] pci 0000:01:00.0: [10de:0fc1] type 00 class 0x030000
[    0.183869] pci 0000:01:00.0: reg 0x10: [mem 0xf6000000-0xf6ffffff]
[    0.183879] pci 0000:01:00.0: reg 0x14: [mem 0xe0000000-0xefffffff 64bit pref]
[    0.183889] pci 0000:01:00.0: reg 0x1c: [mem 0xf0000000-0xf1ffffff 64bit pref]
[    0.183896] pci 0000:01:00.0: reg 0x24: [io  0xe000-0xe07f]
[    0.183903] pci 0000:01:00.0: reg 0x30: [mem 0xf7000000-0xf707ffff pref]
[    0.183922] pci 0000:01:00.0: BAR 3: assigned to efifb
[    0.183927] pci 0000:01:00.0: Video device with shadowed ROM at [mem 0x000c0000-0x000dffff]
[    0.183987] pci 0000:01:00.0: 32.000 Gb/s available PCIe bandwidth, limited by 2.5 GT/s PCIe x16 link at 0000:00:01.0 (capable of 126.016 Gb/s with 8.0 GT/s PCIe x16 link)
[    0.184064] pci 0000:01:00.1: [10de:0e1b] type 00 class 0x040300
[    0.184076] pci 0000:01:00.1: reg 0x10: [mem 0xf7080000-0xf7083fff]
[    0.184191] pci 0000:00:01.0: ASPM: current common clock configuration is inconsistent, reconfiguring
[    0.192594] pci 0000:00:01.0: PCI bridge to [bus 01]
[    0.192597] pci 0000:00:01.0:   bridge window [io  0xe000-0xefff]
[    0.192599] pci 0000:00:01.0:   bridge window [mem 0xf6000000-0xf70fffff]
[    0.192601] pci 0000:00:01.0:   bridge window [mem 0xe0000000-0xf1ffffff 64bit pref]
[    0.192659] pci 0000:00:1c.0: PCI bridge to [bus 02]
[    0.192736] pci 0000:03:00.0: [10ec:8168] type 00 class 0x020000
[    0.192757] pci 0000:03:00.0: reg 0x10: [io  0xd000-0xd0ff]
[    0.192784] pci 0000:03:00.0: reg 0x18: [mem 0xf7100000-0xf7100fff 64bit]
[    0.192801] pci 0000:03:00.0: reg 0x20: [mem 0xf2100000-0xf2103fff 64bit pref]
[    0.192907] pci 0000:03:00.0: supports D1 D2
[    0.192908] pci 0000:03:00.0: PME# supported from D0 D1 D2 D3hot D3cold
[    0.193197] pci 0000:00:1c.3: PCI bridge to [bus 03]
[    0.193202] pci 0000:00:1c.3:   bridge window [io  0xd000-0xdfff]
[    0.193205] pci 0000:00:1c.3:   bridge window [mem 0xf7100000-0xf71fffff]
[    0.193210] pci 0000:00:1c.3:   bridge window [mem 0xf2100000-0xf21fffff 64bit pref]
[    0.193330] pci 0000:04:00.0: [1283:8893] type 01 class 0x060401
[    0.193723] pci 0000:04:00.0: supports D1 D2
[    0.193724] pci 0000:04:00.0: PME# supported from D0 D1 D2 D3hot D3cold
[    0.193954] pci 0000:00:1c.4: PCI bridge to [bus 04-05]
[    0.194013] pci_bus 0000:05: extended config space not accessible
[    0.194105] pci 0000:04:00.0: PCI bridge to [bus 05] (subtractive decode)
[    0.195000] ACPI: PCI: Interrupt link LNKA configured for IRQ 11
[    0.195058] ACPI: PCI: Interrupt link LNKB configured for IRQ 10
[    0.195115] ACPI: PCI: Interrupt link LNKC configured for IRQ 10
[    0.195171] ACPI: PCI: Interrupt link LNKD configured for IRQ 5
[    0.195227] ACPI: PCI: Interrupt link LNKE configured for IRQ 0
[    0.195229] ACPI: PCI: Interrupt link LNKE disabled
[    0.195283] ACPI: PCI: Interrupt link LNKF configured for IRQ 0
[    0.195285] ACPI: PCI: Interrupt link LNKF disabled
[    0.195340] ACPI: PCI: Interrupt link LNKG configured for IRQ 3
[    0.195398] ACPI: PCI: Interrupt link LNKH configured for IRQ 11
[    0.195819] iommu: Default domain type: Translated 
[    0.195819] iommu: DMA domain TLB invalidation policy: lazy mode 
[    0.195819] SCSI subsystem initialized
[    0.195819] libata version 3.00 loaded.
[    0.195819] ACPI: bus type USB registered
[    0.195819] usbcore: registered new interface driver usbfs
[    0.195819] usbcore: registered new interface driver hub
[    0.195819] usbcore: registered new device driver usb
[    0.195819] pps_core: LinuxPPS API ver. 1 registered
[    0.195819] pps_core: Software ver. 5.3.6 - Copyright 2005-2007 Rodolfo Giometti <giometti@linux.it>
[    0.195819] PTP clock support registered
[    0.195819] EDAC MC: Ver: 3.0.0
[    0.195819] Registered efivars operations
[    0.196745] NetLabel: Initializing
[    0.196747] NetLabel:  domain hash size = 128
[    0.196748] NetLabel:  protocols = UNLABELED CIPSOv4 CALIPSO
[    0.196763] NetLabel:  unlabeled traffic allowed by default
[    0.196775] mctp: management component transport protocol core
[    0.196775] NET: Registered PF_MCTP protocol family
[    0.196775] PCI: Using ACPI for IRQ routing
[    0.197816] PCI: pci_cache_line_size set to 64 bytes
[    0.197855] e820: reserve RAM buffer [mem 0x00058000-0x0005ffff]
[    0.197857] e820: reserve RAM buffer [mem 0x0009f000-0x0009ffff]
[    0.197858] e820: reserve RAM buffer [mem 0xcd283018-0xcfffffff]
[    0.197860] e820: reserve RAM buffer [mem 0xcd291018-0xcfffffff]
[    0.197861] e820: reserve RAM buffer [mem 0xcd86d000-0xcfffffff]
[    0.197862] e820: reserve RAM buffer [mem 0xce2a1000-0xcfffffff]
[    0.197863] e820: reserve RAM buffer [mem 0xd2c4f000-0xd3ffffff]
[    0.197864] e820: reserve RAM buffer [mem 0xdeae4000-0xdfffffff]
[    0.197865] e820: reserve RAM buffer [mem 0xdf000000-0xdfffffff]
[    0.197866] e820: reserve RAM buffer [mem 0x21f000000-0x21fffffff]
[    0.197904] pci 0000:01:00.0: vgaarb: setting as boot VGA device
[    0.197904] pci 0000:01:00.0: vgaarb: bridge control possible
[    0.197904] pci 0000:01:00.0: vgaarb: VGA device added: decodes=io+mem,owns=io+mem,locks=none
[    0.197904] vgaarb: loaded
[    0.197904] hpet0: at MMIO 0xfed00000, IRQs 2, 8, 0, 0, 0, 0, 0, 0
[    0.197904] hpet0: 8 comparators, 64-bit 14.318180 MHz counter
[    0.200614] clocksource: Switched to clocksource tsc-early
[    0.210931] VFS: Disk quotas dquot_6.6.0
[    0.210943] VFS: Dquot-cache hash table entries: 512 (order 0, 4096 bytes)
[    0.211056] AppArmor: AppArmor Filesystem Enabled
[    0.211092] pnp: PnP ACPI init
[    0.211317] system 00:00: [io  0x0800-0x087f] has been reserved
[    0.211385] system 00:02: [io  0x1854-0x1857] has been reserved
[    0.211635] system 00:03: [io  0x0a00-0x0a1f] has been reserved
[    0.211637] system 00:03: [io  0x0a20-0x0a2f] has been reserved
[    0.211639] system 00:03: [io  0x0a30-0x0a3f] has been reserved
[    0.211640] system 00:03: [io  0x0a40-0x0a7f] has been reserved
[    0.211642] system 00:03: [io  0x0a50-0x0a5f] has been reserved
[    0.211720] system 00:04: [io  0x04d0-0x04d1] has been reserved
[    0.211886] pnp 00:05: [dma 0 disabled]
[    0.212443] system 00:07: [mem 0xfed1c000-0xfed1ffff] has been reserved
[    0.212447] system 00:07: [mem 0xfed10000-0xfed17fff] has been reserved
